<?xml version="1.0"?>
<link_info>
   <banner>TI ARM Linker PC v15.12.3.LTS</banner>
   <copyright>Copyright (c) 1996-2015 Texas Instruments Incorporated</copyright>
   <link_time>0x57f18c57</link_time>
   <link_errors>0x0</link_errors>
   <output_file>MSP-EXP432P401R_GrLib_Example.out</output_file>
   <entry_point>
      <name>_c_int00</name>
      <address>0x1d9a9</address>
   </entry_point>
   <input_file_list>
      <input_file id="fl-2">
         <path>.\</path>
         <kind>object</kind>
         <file>main.obj</file>
         <name>main.obj</name>
      </input_file>
      <input_file id="fl-3">
         <path>.\</path>
         <kind>object</kind>
         <file>startup_msp432p401r_ccs.obj</file>
         <name>startup_msp432p401r_ccs.obj</name>
      </input_file>
      <input_file id="fl-4">
         <path>.\</path>
         <kind>object</kind>
         <file>system_msp432p401r.obj</file>
         <name>system_msp432p401r.obj</name>
      </input_file>
      <input_file id="fl-5">
         <path>.\</path>
         <kind>object</kind>
         <file>touch_P401R.obj</file>
         <name>touch_P401R.obj</name>
      </input_file>
      <input_file id="fl-6">
         <path>.\GrLib\fonts\</path>
         <kind>object</kind>
         <file>fontcm12.obj</file>
         <name>fontcm12.obj</name>
      </input_file>
      <input_file id="fl-7">
         <path>.\GrLib\fonts\</path>
         <kind>object</kind>
         <file>fontcm12b.obj</file>
         <name>fontcm12b.obj</name>
      </input_file>
      <input_file id="fl-8">
         <path>.\GrLib\fonts\</path>
         <kind>object</kind>
         <file>fontcm12i.obj</file>
         <name>fontcm12i.obj</name>
      </input_file>
      <input_file id="fl-9">
         <path>.\GrLib\fonts\</path>
         <kind>object</kind>
         <file>fontcm14.obj</file>
         <name>fontcm14.obj</name>
      </input_file>
      <input_file id="fl-a">
         <path>.\GrLib\fonts\</path>
         <kind>object</kind>
         <file>fontcm14b.obj</file>
         <name>fontcm14b.obj</name>
      </input_file>
      <input_file id="fl-b">
         <path>.\GrLib\fonts\</path>
         <kind>object</kind>
         <file>fontcm14i.obj</file>
         <name>fontcm14i.obj</name>
      </input_file>
      <input_file id="fl-c">
         <path>.\GrLib\fonts\</path>
         <kind>object</kind>
         <file>fontcm16.obj</file>
         <name>fontcm16.obj</name>
      </input_file>
      <input_file id="fl-d">
         <path>.\GrLib\fonts\</path>
         <kind>object</kind>
         <file>fontcm16b.obj</file>
         <name>fontcm16b.obj</name>
      </input_file>
      <input_file id="fl-e">
         <path>.\GrLib\fonts\</path>
         <kind>object</kind>
         <file>fontcm16i.obj</file>
         <name>fontcm16i.obj</name>
      </input_file>
      <input_file id="fl-f">
         <path>.\GrLib\fonts\</path>
         <kind>object</kind>
         <file>fontcm18.obj</file>
         <name>fontcm18.obj</name>
      </input_file>
      <input_file id="fl-10">
         <path>.\GrLib\fonts\</path>
         <kind>object</kind>
         <file>fontcm18b.obj</file>
         <name>fontcm18b.obj</name>
      </input_file>
      <input_file id="fl-11">
         <path>.\GrLib\fonts\</path>
         <kind>object</kind>
         <file>fontcm18i.obj</file>
         <name>fontcm18i.obj</name>
      </input_file>
      <input_file id="fl-12">
         <path>.\GrLib\fonts\</path>
         <kind>object</kind>
         <file>fontcm20.obj</file>
         <name>fontcm20.obj</name>
      </input_file>
      <input_file id="fl-13">
         <path>.\GrLib\fonts\</path>
         <kind>object</kind>
         <file>fontcm20b.obj</file>
         <name>fontcm20b.obj</name>
      </input_file>
      <input_file id="fl-14">
         <path>.\GrLib\fonts\</path>
         <kind>object</kind>
         <file>fontcm20i.obj</file>
         <name>fontcm20i.obj</name>
      </input_file>
      <input_file id="fl-15">
         <path>.\GrLib\fonts\</path>
         <kind>object</kind>
         <file>fontcm22.obj</file>
         <name>fontcm22.obj</name>
      </input_file>
      <input_file id="fl-16">
         <path>.\GrLib\fonts\</path>
         <kind>object</kind>
         <file>fontcm22b.obj</file>
         <name>fontcm22b.obj</name>
      </input_file>
      <input_file id="fl-17">
         <path>.\GrLib\fonts\</path>
         <kind>object</kind>
         <file>fontcm22i.obj</file>
         <name>fontcm22i.obj</name>
      </input_file>
      <input_file id="fl-18">
         <path>.\GrLib\fonts\</path>
         <kind>object</kind>
         <file>fontcm24.obj</file>
         <name>fontcm24.obj</name>
      </input_file>
      <input_file id="fl-19">
         <path>.\GrLib\fonts\</path>
         <kind>object</kind>
         <file>fontcm24b.obj</file>
         <name>fontcm24b.obj</name>
      </input_file>
      <input_file id="fl-1a">
         <path>.\GrLib\fonts\</path>
         <kind>object</kind>
         <file>fontcm24i.obj</file>
         <name>fontcm24i.obj</name>
      </input_file>
      <input_file id="fl-1b">
         <path>.\GrLib\fonts\</path>
         <kind>object</kind>
         <file>fontcm26.obj</file>
         <name>fontcm26.obj</name>
      </input_file>
      <input_file id="fl-1c">
         <path>.\GrLib\fonts\</path>
         <kind>object</kind>
         <file>fontcm26b.obj</file>
         <name>fontcm26b.obj</name>
      </input_file>
      <input_file id="fl-1d">
         <path>.\GrLib\fonts\</path>
         <kind>object</kind>
         <file>fontcm26i.obj</file>
         <name>fontcm26i.obj</name>
      </input_file>
      <input_file id="fl-1e">
         <path>.\GrLib\fonts\</path>
         <kind>object</kind>
         <file>fontcm28.obj</file>
         <name>fontcm28.obj</name>
      </input_file>
      <input_file id="fl-1f">
         <path>.\GrLib\fonts\</path>
         <kind>object</kind>
         <file>fontcm28b.obj</file>
         <name>fontcm28b.obj</name>
      </input_file>
      <input_file id="fl-20">
         <path>.\GrLib\fonts\</path>
         <kind>object</kind>
         <file>fontcm28i.obj</file>
         <name>fontcm28i.obj</name>
      </input_file>
      <input_file id="fl-21">
         <path>.\GrLib\fonts\</path>
         <kind>object</kind>
         <file>fontcm30.obj</file>
         <name>fontcm30.obj</name>
      </input_file>
      <input_file id="fl-22">
         <path>.\GrLib\fonts\</path>
         <kind>object</kind>
         <file>fontcm30b.obj</file>
         <name>fontcm30b.obj</name>
      </input_file>
      <input_file id="fl-23">
         <path>.\GrLib\fonts\</path>
         <kind>object</kind>
         <file>fontcm30i.obj</file>
         <name>fontcm30i.obj</name>
      </input_file>
      <input_file id="fl-24">
         <path>.\GrLib\fonts\</path>
         <kind>object</kind>
         <file>fontcm32.obj</file>
         <name>fontcm32.obj</name>
      </input_file>
      <input_file id="fl-25">
         <path>.\GrLib\fonts\</path>
         <kind>object</kind>
         <file>fontcm32b.obj</file>
         <name>fontcm32b.obj</name>
      </input_file>
      <input_file id="fl-26">
         <path>.\GrLib\fonts\</path>
         <kind>object</kind>
         <file>fontcm32i.obj</file>
         <name>fontcm32i.obj</name>
      </input_file>
      <input_file id="fl-27">
         <path>.\GrLib\fonts\</path>
         <kind>object</kind>
         <file>fontcm34.obj</file>
         <name>fontcm34.obj</name>
      </input_file>
      <input_file id="fl-28">
         <path>.\GrLib\fonts\</path>
         <kind>object</kind>
         <file>fontcm34b.obj</file>
         <name>fontcm34b.obj</name>
      </input_file>
      <input_file id="fl-29">
         <path>.\GrLib\fonts\</path>
         <kind>object</kind>
         <file>fontcm34i.obj</file>
         <name>fontcm34i.obj</name>
      </input_file>
      <input_file id="fl-2a">
         <path>.\GrLib\fonts\</path>
         <kind>object</kind>
         <file>fontcm36.obj</file>
         <name>fontcm36.obj</name>
      </input_file>
      <input_file id="fl-2b">
         <path>.\GrLib\fonts\</path>
         <kind>object</kind>
         <file>fontcm36b.obj</file>
         <name>fontcm36b.obj</name>
      </input_file>
      <input_file id="fl-2c">
         <path>.\GrLib\fonts\</path>
         <kind>object</kind>
         <file>fontcm36i.obj</file>
         <name>fontcm36i.obj</name>
      </input_file>
      <input_file id="fl-2d">
         <path>.\GrLib\fonts\</path>
         <kind>object</kind>
         <file>fontcm38.obj</file>
         <name>fontcm38.obj</name>
      </input_file>
      <input_file id="fl-2e">
         <path>.\GrLib\fonts\</path>
         <kind>object</kind>
         <file>fontcm38b.obj</file>
         <name>fontcm38b.obj</name>
      </input_file>
      <input_file id="fl-2f">
         <path>.\GrLib\fonts\</path>
         <kind>object</kind>
         <file>fontcm38i.obj</file>
         <name>fontcm38i.obj</name>
      </input_file>
      <input_file id="fl-30">
         <path>.\GrLib\fonts\</path>
         <kind>object</kind>
         <file>fontcm40.obj</file>
         <name>fontcm40.obj</name>
      </input_file>
      <input_file id="fl-31">
         <path>.\GrLib\fonts\</path>
         <kind>object</kind>
         <file>fontcm40b.obj</file>
         <name>fontcm40b.obj</name>
      </input_file>
      <input_file id="fl-32">
         <path>.\GrLib\fonts\</path>
         <kind>object</kind>
         <file>fontcm40i.obj</file>
         <name>fontcm40i.obj</name>
      </input_file>
      <input_file id="fl-33">
         <path>.\GrLib\fonts\</path>
         <kind>object</kind>
         <file>fontcm42.obj</file>
         <name>fontcm42.obj</name>
      </input_file>
      <input_file id="fl-34">
         <path>.\GrLib\fonts\</path>
         <kind>object</kind>
         <file>fontcm42b.obj</file>
         <name>fontcm42b.obj</name>
      </input_file>
      <input_file id="fl-35">
         <path>.\GrLib\fonts\</path>
         <kind>object</kind>
         <file>fontcm42i.obj</file>
         <name>fontcm42i.obj</name>
      </input_file>
      <input_file id="fl-36">
         <path>.\GrLib\fonts\</path>
         <kind>object</kind>
         <file>fontcm44.obj</file>
         <name>fontcm44.obj</name>
      </input_file>
      <input_file id="fl-37">
         <path>.\GrLib\fonts\</path>
         <kind>object</kind>
         <file>fontcm44b.obj</file>
         <name>fontcm44b.obj</name>
      </input_file>
      <input_file id="fl-38">
         <path>.\GrLib\fonts\</path>
         <kind>object</kind>
         <file>fontcm44i.obj</file>
         <name>fontcm44i.obj</name>
      </input_file>
      <input_file id="fl-39">
         <path>.\GrLib\fonts\</path>
         <kind>object</kind>
         <file>fontcm46.obj</file>
         <name>fontcm46.obj</name>
      </input_file>
      <input_file id="fl-3a">
         <path>.\GrLib\fonts\</path>
         <kind>object</kind>
         <file>fontcm46b.obj</file>
         <name>fontcm46b.obj</name>
      </input_file>
      <input_file id="fl-3b">
         <path>.\GrLib\fonts\</path>
         <kind>object</kind>
         <file>fontcm46i.obj</file>
         <name>fontcm46i.obj</name>
      </input_file>
      <input_file id="fl-3c">
         <path>.\GrLib\fonts\</path>
         <kind>object</kind>
         <file>fontcm48.obj</file>
         <name>fontcm48.obj</name>
      </input_file>
      <input_file id="fl-3d">
         <path>.\GrLib\fonts\</path>
         <kind>object</kind>
         <file>fontcm48b.obj</file>
         <name>fontcm48b.obj</name>
      </input_file>
      <input_file id="fl-3e">
         <path>.\GrLib\fonts\</path>
         <kind>object</kind>
         <file>fontcm48i.obj</file>
         <name>fontcm48i.obj</name>
      </input_file>
      <input_file id="fl-3f">
         <path>.\GrLib\fonts\</path>
         <kind>object</kind>
         <file>fontcmsc12.obj</file>
         <name>fontcmsc12.obj</name>
      </input_file>
      <input_file id="fl-40">
         <path>.\GrLib\fonts\</path>
         <kind>object</kind>
         <file>fontcmsc14.obj</file>
         <name>fontcmsc14.obj</name>
      </input_file>
      <input_file id="fl-41">
         <path>.\GrLib\fonts\</path>
         <kind>object</kind>
         <file>fontcmsc16.obj</file>
         <name>fontcmsc16.obj</name>
      </input_file>
      <input_file id="fl-42">
         <path>.\GrLib\fonts\</path>
         <kind>object</kind>
         <file>fontcmsc18.obj</file>
         <name>fontcmsc18.obj</name>
      </input_file>
      <input_file id="fl-43">
         <path>.\GrLib\fonts\</path>
         <kind>object</kind>
         <file>fontcmsc20.obj</file>
         <name>fontcmsc20.obj</name>
      </input_file>
      <input_file id="fl-44">
         <path>.\GrLib\fonts\</path>
         <kind>object</kind>
         <file>fontcmsc22.obj</file>
         <name>fontcmsc22.obj</name>
      </input_file>
      <input_file id="fl-45">
         <path>.\GrLib\fonts\</path>
         <kind>object</kind>
         <file>fontcmsc24.obj</file>
         <name>fontcmsc24.obj</name>
      </input_file>
      <input_file id="fl-46">
         <path>.\GrLib\fonts\</path>
         <kind>object</kind>
         <file>fontcmsc26.obj</file>
         <name>fontcmsc26.obj</name>
      </input_file>
      <input_file id="fl-47">
         <path>.\GrLib\fonts\</path>
         <kind>object</kind>
         <file>fontcmsc28.obj</file>
         <name>fontcmsc28.obj</name>
      </input_file>
      <input_file id="fl-48">
         <path>.\GrLib\fonts\</path>
         <kind>object</kind>
         <file>fontcmsc30.obj</file>
         <name>fontcmsc30.obj</name>
      </input_file>
      <input_file id="fl-49">
         <path>.\GrLib\fonts\</path>
         <kind>object</kind>
         <file>fontcmsc32.obj</file>
         <name>fontcmsc32.obj</name>
      </input_file>
      <input_file id="fl-4a">
         <path>.\GrLib\fonts\</path>
         <kind>object</kind>
         <file>fontcmsc34.obj</file>
         <name>fontcmsc34.obj</name>
      </input_file>
      <input_file id="fl-4b">
         <path>.\GrLib\fonts\</path>
         <kind>object</kind>
         <file>fontcmsc36.obj</file>
         <name>fontcmsc36.obj</name>
      </input_file>
      <input_file id="fl-4c">
         <path>.\GrLib\fonts\</path>
         <kind>object</kind>
         <file>fontcmsc38.obj</file>
         <name>fontcmsc38.obj</name>
      </input_file>
      <input_file id="fl-4d">
         <path>.\GrLib\fonts\</path>
         <kind>object</kind>
         <file>fontcmsc40.obj</file>
         <name>fontcmsc40.obj</name>
      </input_file>
      <input_file id="fl-4e">
         <path>.\GrLib\fonts\</path>
         <kind>object</kind>
         <file>fontcmsc42.obj</file>
         <name>fontcmsc42.obj</name>
      </input_file>
      <input_file id="fl-4f">
         <path>.\GrLib\fonts\</path>
         <kind>object</kind>
         <file>fontcmsc44.obj</file>
         <name>fontcmsc44.obj</name>
      </input_file>
      <input_file id="fl-50">
         <path>.\GrLib\fonts\</path>
         <kind>object</kind>
         <file>fontcmsc46.obj</file>
         <name>fontcmsc46.obj</name>
      </input_file>
      <input_file id="fl-51">
         <path>.\GrLib\fonts\</path>
         <kind>object</kind>
         <file>fontcmsc48.obj</file>
         <name>fontcmsc48.obj</name>
      </input_file>
      <input_file id="fl-52">
         <path>.\GrLib\fonts\</path>
         <kind>object</kind>
         <file>fontcmss12.obj</file>
         <name>fontcmss12.obj</name>
      </input_file>
      <input_file id="fl-53">
         <path>.\GrLib\fonts\</path>
         <kind>object</kind>
         <file>fontcmss12b.obj</file>
         <name>fontcmss12b.obj</name>
      </input_file>
      <input_file id="fl-54">
         <path>.\GrLib\fonts\</path>
         <kind>object</kind>
         <file>fontcmss12i.obj</file>
         <name>fontcmss12i.obj</name>
      </input_file>
      <input_file id="fl-55">
         <path>.\GrLib\fonts\</path>
         <kind>object</kind>
         <file>fontcmss14.obj</file>
         <name>fontcmss14.obj</name>
      </input_file>
      <input_file id="fl-56">
         <path>.\GrLib\fonts\</path>
         <kind>object</kind>
         <file>fontcmss14b.obj</file>
         <name>fontcmss14b.obj</name>
      </input_file>
      <input_file id="fl-57">
         <path>.\GrLib\fonts\</path>
         <kind>object</kind>
         <file>fontcmss14i.obj</file>
         <name>fontcmss14i.obj</name>
      </input_file>
      <input_file id="fl-58">
         <path>.\GrLib\fonts\</path>
         <kind>object</kind>
         <file>fontcmss16.obj</file>
         <name>fontcmss16.obj</name>
      </input_file>
      <input_file id="fl-59">
         <path>.\GrLib\fonts\</path>
         <kind>object</kind>
         <file>fontcmss16b.obj</file>
         <name>fontcmss16b.obj</name>
      </input_file>
      <input_file id="fl-5a">
         <path>.\GrLib\fonts\</path>
         <kind>object</kind>
         <file>fontcmss16i.obj</file>
         <name>fontcmss16i.obj</name>
      </input_file>
      <input_file id="fl-5b">
         <path>.\GrLib\fonts\</path>
         <kind>object</kind>
         <file>fontcmss18.obj</file>
         <name>fontcmss18.obj</name>
      </input_file>
      <input_file id="fl-5c">
         <path>.\GrLib\fonts\</path>
         <kind>object</kind>
         <file>fontcmss18b.obj</file>
         <name>fontcmss18b.obj</name>
      </input_file>
      <input_file id="fl-5d">
         <path>.\GrLib\fonts\</path>
         <kind>object</kind>
         <file>fontcmss18i.obj</file>
         <name>fontcmss18i.obj</name>
      </input_file>
      <input_file id="fl-5e">
         <path>.\GrLib\fonts\</path>
         <kind>object</kind>
         <file>fontcmss20.obj</file>
         <name>fontcmss20.obj</name>
      </input_file>
      <input_file id="fl-5f">
         <path>.\GrLib\fonts\</path>
         <kind>object</kind>
         <file>fontcmss20b.obj</file>
         <name>fontcmss20b.obj</name>
      </input_file>
      <input_file id="fl-60">
         <path>.\GrLib\fonts\</path>
         <kind>object</kind>
         <file>fontcmss20i.obj</file>
         <name>fontcmss20i.obj</name>
      </input_file>
      <input_file id="fl-61">
         <path>.\GrLib\fonts\</path>
         <kind>object</kind>
         <file>fontcmss22.obj</file>
         <name>fontcmss22.obj</name>
      </input_file>
      <input_file id="fl-62">
         <path>.\GrLib\fonts\</path>
         <kind>object</kind>
         <file>fontcmss22b.obj</file>
         <name>fontcmss22b.obj</name>
      </input_file>
      <input_file id="fl-63">
         <path>.\GrLib\fonts\</path>
         <kind>object</kind>
         <file>fontcmss22i.obj</file>
         <name>fontcmss22i.obj</name>
      </input_file>
      <input_file id="fl-64">
         <path>.\GrLib\fonts\</path>
         <kind>object</kind>
         <file>fontcmss24.obj</file>
         <name>fontcmss24.obj</name>
      </input_file>
      <input_file id="fl-65">
         <path>.\GrLib\fonts\</path>
         <kind>object</kind>
         <file>fontcmss24b.obj</file>
         <name>fontcmss24b.obj</name>
      </input_file>
      <input_file id="fl-66">
         <path>.\GrLib\fonts\</path>
         <kind>object</kind>
         <file>fontcmss24i.obj</file>
         <name>fontcmss24i.obj</name>
      </input_file>
      <input_file id="fl-67">
         <path>.\GrLib\fonts\</path>
         <kind>object</kind>
         <file>fontcmss26.obj</file>
         <name>fontcmss26.obj</name>
      </input_file>
      <input_file id="fl-68">
         <path>.\GrLib\fonts\</path>
         <kind>object</kind>
         <file>fontcmss26b.obj</file>
         <name>fontcmss26b.obj</name>
      </input_file>
      <input_file id="fl-69">
         <path>.\GrLib\fonts\</path>
         <kind>object</kind>
         <file>fontcmss26i.obj</file>
         <name>fontcmss26i.obj</name>
      </input_file>
      <input_file id="fl-6a">
         <path>.\GrLib\fonts\</path>
         <kind>object</kind>
         <file>fontcmss28.obj</file>
         <name>fontcmss28.obj</name>
      </input_file>
      <input_file id="fl-6b">
         <path>.\GrLib\fonts\</path>
         <kind>object</kind>
         <file>fontcmss28b.obj</file>
         <name>fontcmss28b.obj</name>
      </input_file>
      <input_file id="fl-6c">
         <path>.\GrLib\fonts\</path>
         <kind>object</kind>
         <file>fontcmss28i.obj</file>
         <name>fontcmss28i.obj</name>
      </input_file>
      <input_file id="fl-6d">
         <path>.\GrLib\fonts\</path>
         <kind>object</kind>
         <file>fontcmss30.obj</file>
         <name>fontcmss30.obj</name>
      </input_file>
      <input_file id="fl-6e">
         <path>.\GrLib\fonts\</path>
         <kind>object</kind>
         <file>fontcmss30b.obj</file>
         <name>fontcmss30b.obj</name>
      </input_file>
      <input_file id="fl-6f">
         <path>.\GrLib\fonts\</path>
         <kind>object</kind>
         <file>fontcmss30i.obj</file>
         <name>fontcmss30i.obj</name>
      </input_file>
      <input_file id="fl-70">
         <path>.\GrLib\fonts\</path>
         <kind>object</kind>
         <file>fontcmss32.obj</file>
         <name>fontcmss32.obj</name>
      </input_file>
      <input_file id="fl-71">
         <path>.\GrLib\fonts\</path>
         <kind>object</kind>
         <file>fontcmss32b.obj</file>
         <name>fontcmss32b.obj</name>
      </input_file>
      <input_file id="fl-72">
         <path>.\GrLib\fonts\</path>
         <kind>object</kind>
         <file>fontcmss32i.obj</file>
         <name>fontcmss32i.obj</name>
      </input_file>
      <input_file id="fl-73">
         <path>.\GrLib\fonts\</path>
         <kind>object</kind>
         <file>fontcmss34.obj</file>
         <name>fontcmss34.obj</name>
      </input_file>
      <input_file id="fl-74">
         <path>.\GrLib\fonts\</path>
         <kind>object</kind>
         <file>fontcmss34b.obj</file>
         <name>fontcmss34b.obj</name>
      </input_file>
      <input_file id="fl-75">
         <path>.\GrLib\fonts\</path>
         <kind>object</kind>
         <file>fontcmss34i.obj</file>
         <name>fontcmss34i.obj</name>
      </input_file>
      <input_file id="fl-76">
         <path>.\GrLib\fonts\</path>
         <kind>object</kind>
         <file>fontcmss36.obj</file>
         <name>fontcmss36.obj</name>
      </input_file>
      <input_file id="fl-77">
         <path>.\GrLib\fonts\</path>
         <kind>object</kind>
         <file>fontcmss36b.obj</file>
         <name>fontcmss36b.obj</name>
      </input_file>
      <input_file id="fl-78">
         <path>.\GrLib\fonts\</path>
         <kind>object</kind>
         <file>fontcmss36i.obj</file>
         <name>fontcmss36i.obj</name>
      </input_file>
      <input_file id="fl-79">
         <path>.\GrLib\fonts\</path>
         <kind>object</kind>
         <file>fontcmss38.obj</file>
         <name>fontcmss38.obj</name>
      </input_file>
      <input_file id="fl-7a">
         <path>.\GrLib\fonts\</path>
         <kind>object</kind>
         <file>fontcmss38b.obj</file>
         <name>fontcmss38b.obj</name>
      </input_file>
      <input_file id="fl-7b">
         <path>.\GrLib\fonts\</path>
         <kind>object</kind>
         <file>fontcmss38i.obj</file>
         <name>fontcmss38i.obj</name>
      </input_file>
      <input_file id="fl-7c">
         <path>.\GrLib\fonts\</path>
         <kind>object</kind>
         <file>fontcmss40.obj</file>
         <name>fontcmss40.obj</name>
      </input_file>
      <input_file id="fl-7d">
         <path>.\GrLib\fonts\</path>
         <kind>object</kind>
         <file>fontcmss40b.obj</file>
         <name>fontcmss40b.obj</name>
      </input_file>
      <input_file id="fl-7e">
         <path>.\GrLib\fonts\</path>
         <kind>object</kind>
         <file>fontcmss40i.obj</file>
         <name>fontcmss40i.obj</name>
      </input_file>
      <input_file id="fl-7f">
         <path>.\GrLib\fonts\</path>
         <kind>object</kind>
         <file>fontcmss42.obj</file>
         <name>fontcmss42.obj</name>
      </input_file>
      <input_file id="fl-80">
         <path>.\GrLib\fonts\</path>
         <kind>object</kind>
         <file>fontcmss42b.obj</file>
         <name>fontcmss42b.obj</name>
      </input_file>
      <input_file id="fl-81">
         <path>.\GrLib\fonts\</path>
         <kind>object</kind>
         <file>fontcmss42i.obj</file>
         <name>fontcmss42i.obj</name>
      </input_file>
      <input_file id="fl-82">
         <path>.\GrLib\fonts\</path>
         <kind>object</kind>
         <file>fontcmss44.obj</file>
         <name>fontcmss44.obj</name>
      </input_file>
      <input_file id="fl-83">
         <path>.\GrLib\fonts\</path>
         <kind>object</kind>
         <file>fontcmss44b.obj</file>
         <name>fontcmss44b.obj</name>
      </input_file>
      <input_file id="fl-84">
         <path>.\GrLib\fonts\</path>
         <kind>object</kind>
         <file>fontcmss44i.obj</file>
         <name>fontcmss44i.obj</name>
      </input_file>
      <input_file id="fl-85">
         <path>.\GrLib\fonts\</path>
         <kind>object</kind>
         <file>fontcmss46.obj</file>
         <name>fontcmss46.obj</name>
      </input_file>
      <input_file id="fl-86">
         <path>.\GrLib\fonts\</path>
         <kind>object</kind>
         <file>fontcmss46b.obj</file>
         <name>fontcmss46b.obj</name>
      </input_file>
      <input_file id="fl-87">
         <path>.\GrLib\fonts\</path>
         <kind>object</kind>
         <file>fontcmss46i.obj</file>
         <name>fontcmss46i.obj</name>
      </input_file>
      <input_file id="fl-88">
         <path>.\GrLib\fonts\</path>
         <kind>object</kind>
         <file>fontcmss48.obj</file>
         <name>fontcmss48.obj</name>
      </input_file>
      <input_file id="fl-89">
         <path>.\GrLib\fonts\</path>
         <kind>object</kind>
         <file>fontcmss48b.obj</file>
         <name>fontcmss48b.obj</name>
      </input_file>
      <input_file id="fl-8a">
         <path>.\GrLib\fonts\</path>
         <kind>object</kind>
         <file>fontcmss48i.obj</file>
         <name>fontcmss48i.obj</name>
      </input_file>
      <input_file id="fl-8b">
         <path>.\GrLib\fonts\</path>
         <kind>object</kind>
         <file>fontcmtt12.obj</file>
         <name>fontcmtt12.obj</name>
      </input_file>
      <input_file id="fl-8c">
         <path>.\GrLib\fonts\</path>
         <kind>object</kind>
         <file>fontcmtt14.obj</file>
         <name>fontcmtt14.obj</name>
      </input_file>
      <input_file id="fl-8d">
         <path>.\GrLib\fonts\</path>
         <kind>object</kind>
         <file>fontcmtt16.obj</file>
         <name>fontcmtt16.obj</name>
      </input_file>
      <input_file id="fl-8e">
         <path>.\GrLib\fonts\</path>
         <kind>object</kind>
         <file>fontcmtt18.obj</file>
         <name>fontcmtt18.obj</name>
      </input_file>
      <input_file id="fl-8f">
         <path>.\GrLib\fonts\</path>
         <kind>object</kind>
         <file>fontcmtt20.obj</file>
         <name>fontcmtt20.obj</name>
      </input_file>
      <input_file id="fl-90">
         <path>.\GrLib\fonts\</path>
         <kind>object</kind>
         <file>fontcmtt22.obj</file>
         <name>fontcmtt22.obj</name>
      </input_file>
      <input_file id="fl-91">
         <path>.\GrLib\fonts\</path>
         <kind>object</kind>
         <file>fontcmtt24.obj</file>
         <name>fontcmtt24.obj</name>
      </input_file>
      <input_file id="fl-92">
         <path>.\GrLib\fonts\</path>
         <kind>object</kind>
         <file>fontcmtt26.obj</file>
         <name>fontcmtt26.obj</name>
      </input_file>
      <input_file id="fl-93">
         <path>.\GrLib\fonts\</path>
         <kind>object</kind>
         <file>fontcmtt28.obj</file>
         <name>fontcmtt28.obj</name>
      </input_file>
      <input_file id="fl-94">
         <path>.\GrLib\fonts\</path>
         <kind>object</kind>
         <file>fontcmtt30.obj</file>
         <name>fontcmtt30.obj</name>
      </input_file>
      <input_file id="fl-95">
         <path>.\GrLib\fonts\</path>
         <kind>object</kind>
         <file>fontcmtt32.obj</file>
         <name>fontcmtt32.obj</name>
      </input_file>
      <input_file id="fl-96">
         <path>.\GrLib\fonts\</path>
         <kind>object</kind>
         <file>fontcmtt34.obj</file>
         <name>fontcmtt34.obj</name>
      </input_file>
      <input_file id="fl-97">
         <path>.\GrLib\fonts\</path>
         <kind>object</kind>
         <file>fontcmtt36.obj</file>
         <name>fontcmtt36.obj</name>
      </input_file>
      <input_file id="fl-98">
         <path>.\GrLib\fonts\</path>
         <kind>object</kind>
         <file>fontcmtt38.obj</file>
         <name>fontcmtt38.obj</name>
      </input_file>
      <input_file id="fl-99">
         <path>.\GrLib\fonts\</path>
         <kind>object</kind>
         <file>fontcmtt40.obj</file>
         <name>fontcmtt40.obj</name>
      </input_file>
      <input_file id="fl-9a">
         <path>.\GrLib\fonts\</path>
         <kind>object</kind>
         <file>fontcmtt42.obj</file>
         <name>fontcmtt42.obj</name>
      </input_file>
      <input_file id="fl-9b">
         <path>.\GrLib\fonts\</path>
         <kind>object</kind>
         <file>fontcmtt44.obj</file>
         <name>fontcmtt44.obj</name>
      </input_file>
      <input_file id="fl-9c">
         <path>.\GrLib\fonts\</path>
         <kind>object</kind>
         <file>fontcmtt46.obj</file>
         <name>fontcmtt46.obj</name>
      </input_file>
      <input_file id="fl-9d">
         <path>.\GrLib\fonts\</path>
         <kind>object</kind>
         <file>fontcmtt48.obj</file>
         <name>fontcmtt48.obj</name>
      </input_file>
      <input_file id="fl-9e">
         <path>.\GrLib\fonts\</path>
         <kind>object</kind>
         <file>fontfixed6x8.obj</file>
         <name>fontfixed6x8.obj</name>
      </input_file>
      <input_file id="fl-9f">
         <path>.\GrLib\grlib\</path>
         <kind>object</kind>
         <file>button.obj</file>
         <name>button.obj</name>
      </input_file>
      <input_file id="fl-a0">
         <path>.\GrLib\grlib\</path>
         <kind>object</kind>
         <file>checkbox.obj</file>
         <name>checkbox.obj</name>
      </input_file>
      <input_file id="fl-a1">
         <path>.\GrLib\grlib\</path>
         <kind>object</kind>
         <file>circle.obj</file>
         <name>circle.obj</name>
      </input_file>
      <input_file id="fl-a2">
         <path>.\GrLib\grlib\</path>
         <kind>object</kind>
         <file>context.obj</file>
         <name>context.obj</name>
      </input_file>
      <input_file id="fl-a3">
         <path>.\GrLib\grlib\</path>
         <kind>object</kind>
         <file>display.obj</file>
         <name>display.obj</name>
      </input_file>
      <input_file id="fl-a4">
         <path>.\GrLib\grlib\</path>
         <kind>object</kind>
         <file>image.obj</file>
         <name>image.obj</name>
      </input_file>
      <input_file id="fl-a5">
         <path>.\GrLib\grlib\</path>
         <kind>object</kind>
         <file>imageButton.obj</file>
         <name>imageButton.obj</name>
      </input_file>
      <input_file id="fl-a6">
         <path>.\GrLib\grlib\</path>
         <kind>object</kind>
         <file>line.obj</file>
         <name>line.obj</name>
      </input_file>
      <input_file id="fl-a7">
         <path>.\GrLib\grlib\</path>
         <kind>object</kind>
         <file>radioButton.obj</file>
         <name>radioButton.obj</name>
      </input_file>
      <input_file id="fl-a8">
         <path>.\GrLib\grlib\</path>
         <kind>object</kind>
         <file>rectangle.obj</file>
         <name>rectangle.obj</name>
      </input_file>
      <input_file id="fl-a9">
         <path>.\GrLib\grlib\</path>
         <kind>object</kind>
         <file>string.obj</file>
         <name>string.obj</name>
      </input_file>
      <input_file id="fl-aa">
         <path>.\LcdDriver\LcdDriver\</path>
         <kind>object</kind>
         <file>HAL_MSP_EXP432P401R_KITRONIX320X240_SSD2119_SPI.obj</file>
         <name>HAL_MSP_EXP432P401R_KITRONIX320X240_SSD2119_SPI.obj</name>
      </input_file>
      <input_file id="fl-ab">
         <path>.\LcdDriver\LcdDriver\</path>
         <kind>object</kind>
         <file>kitronix320x240x16_ssd2119_spi.obj</file>
         <name>kitronix320x240x16_ssd2119_spi.obj</name>
      </input_file>
      <input_file id="fl-ac">
         <path>.\images\</path>
         <kind>object</kind>
         <file>Images_Button.obj</file>
         <name>Images_Button.obj</name>
      </input_file>
      <input_file id="fl-ad">
         <path>.\images\</path>
         <kind>object</kind>
         <file>Primitives_Button.obj</file>
         <name>Primitives_Button.obj</name>
      </input_file>
      <input_file id="fl-ae">
         <path>.\images\</path>
         <kind>object</kind>
         <file>TI_logo_150x150.obj</file>
         <name>TI_logo_150x150.obj</name>
      </input_file>
      <input_file id="fl-af">
         <path>.\images\</path>
         <kind>object</kind>
         <file>TI_platform_bar_red.obj</file>
         <name>TI_platform_bar_red.obj</name>
      </input_file>
      <input_file id="fl-b0">
         <path>.\images\</path>
         <kind>object</kind>
         <file>lcd_color_320x240.obj</file>
         <name>lcd_color_320x240.obj</name>
      </input_file>
      <input_file id="fl-b6">
         <path>C:\ti\MSP432Ware_3_50_00_02\grlib\driverlib\MSP432P4xx\ccs\</path>
         <kind>archive</kind>
         <file>msp432p4xx_driverlib.lib</file>
         <name>cs.o</name>
      </input_file>
      <input_file id="fl-b7">
         <path>C:\ti\MSP432Ware_3_50_00_02\grlib\driverlib\MSP432P4xx\ccs\</path>
         <kind>archive</kind>
         <file>msp432p4xx_driverlib.lib</file>
         <name>flash.o</name>
      </input_file>
      <input_file id="fl-b8">
         <path>C:\ti\MSP432Ware_3_50_00_02\grlib\driverlib\MSP432P4xx\ccs\</path>
         <kind>archive</kind>
         <file>msp432p4xx_driverlib.lib</file>
         <name>fpu.o</name>
      </input_file>
      <input_file id="fl-b9">
         <path>C:\ti\MSP432Ware_3_50_00_02\grlib\driverlib\MSP432P4xx\ccs\</path>
         <kind>archive</kind>
         <file>msp432p4xx_driverlib.lib</file>
         <name>gpio.o</name>
      </input_file>
      <input_file id="fl-ba">
         <path>C:\ti\MSP432Ware_3_50_00_02\grlib\driverlib\MSP432P4xx\ccs\</path>
         <kind>archive</kind>
         <file>msp432p4xx_driverlib.lib</file>
         <name>interrupt.o</name>
      </input_file>
      <input_file id="fl-bb">
         <path>C:\ti\MSP432Ware_3_50_00_02\grlib\driverlib\MSP432P4xx\ccs\</path>
         <kind>archive</kind>
         <file>msp432p4xx_driverlib.lib</file>
         <name>pcm.o</name>
      </input_file>
      <input_file id="fl-bc">
         <path>C:\ti\MSP432Ware_3_50_00_02\grlib\driverlib\MSP432P4xx\ccs\</path>
         <kind>archive</kind>
         <file>msp432p4xx_driverlib.lib</file>
         <name>rtc_c.o</name>
      </input_file>
      <input_file id="fl-bd">
         <path>C:\ti\MSP432Ware_3_50_00_02\grlib\driverlib\MSP432P4xx\ccs\</path>
         <kind>archive</kind>
         <file>msp432p4xx_driverlib.lib</file>
         <name>spi.o</name>
      </input_file>
      <input_file id="fl-be">
         <path>C:\ti\MSP432Ware_3_50_00_02\grlib\driverlib\MSP432P4xx\ccs\</path>
         <kind>archive</kind>
         <file>msp432p4xx_driverlib.lib</file>
         <name>sysctl.o</name>
      </input_file>
      <input_file id="fl-bf">
         <path>C:\ti\MSP432Ware_3_50_00_02\grlib\driverlib\MSP432P4xx\ccs\</path>
         <kind>archive</kind>
         <file>msp432p4xx_driverlib.lib</file>
         <name>wdt_a.o</name>
      </input_file>
      <input_file id="fl-c0">
         <path>C:\ti\MSP432Ware_3_50_00_02\grlib\driverlib\MSP432P4xx\ccs\</path>
         <kind>archive</kind>
         <file>msp432p4xx_driverlib.lib</file>
         <name>cpu.o</name>
      </input_file>
      <input_file id="fl-176">
         <path>C:\ti\ccsv6\tools\compiler\arm_15.12.3.LTS\lib\</path>
         <kind>archive</kind>
         <file>rtsv7M4_T_le_v4SPD16_eabi.lib</file>
         <name>boot.obj</name>
      </input_file>
      <input_file id="fl-177">
         <path>C:\ti\ccsv6\tools\compiler\arm_15.12.3.LTS\lib\</path>
         <kind>archive</kind>
         <file>rtsv7M4_T_le_v4SPD16_eabi.lib</file>
         <name>copy_decompress_none.obj</name>
      </input_file>
      <input_file id="fl-178">
         <path>C:\ti\ccsv6\tools\compiler\arm_15.12.3.LTS\lib\</path>
         <kind>archive</kind>
         <file>rtsv7M4_T_le_v4SPD16_eabi.lib</file>
         <name>copy_decompress_rle.obj</name>
      </input_file>
      <input_file id="fl-179">
         <path>C:\ti\ccsv6\tools\compiler\arm_15.12.3.LTS\lib\</path>
         <kind>archive</kind>
         <file>rtsv7M4_T_le_v4SPD16_eabi.lib</file>
         <name>copy_zero_init.obj</name>
      </input_file>
      <input_file id="fl-17a">
         <path>C:\ti\ccsv6\tools\compiler\arm_15.12.3.LTS\lib\</path>
         <kind>archive</kind>
         <file>rtsv7M4_T_le_v4SPD16_eabi.lib</file>
         <name>exit.obj</name>
      </input_file>
      <input_file id="fl-17b">
         <path>C:\ti\ccsv6\tools\compiler\arm_15.12.3.LTS\lib\</path>
         <kind>archive</kind>
         <file>rtsv7M4_T_le_v4SPD16_eabi.lib</file>
         <name>memcpy_t2.obj</name>
      </input_file>
      <input_file id="fl-17c">
         <path>C:\ti\ccsv6\tools\compiler\arm_15.12.3.LTS\lib\</path>
         <kind>archive</kind>
         <file>rtsv7M4_T_le_v4SPD16_eabi.lib</file>
         <name>memset_t2.obj</name>
      </input_file>
      <input_file id="fl-17d">
         <path>C:\ti\ccsv6\tools\compiler\arm_15.12.3.LTS\lib\</path>
         <kind>archive</kind>
         <file>rtsv7M4_T_le_v4SPD16_eabi.lib</file>
         <name>mpu_init.obj</name>
      </input_file>
      <input_file id="fl-17e">
         <path>C:\ti\ccsv6\tools\compiler\arm_15.12.3.LTS\lib\</path>
         <kind>archive</kind>
         <file>rtsv7M4_T_le_v4SPD16_eabi.lib</file>
         <name>pre_init.obj</name>
      </input_file>
      <input_file id="fl-17f">
         <path>C:\ti\ccsv6\tools\compiler\arm_15.12.3.LTS\lib\</path>
         <kind>archive</kind>
         <file>rtsv7M4_T_le_v4SPD16_eabi.lib</file>
         <name>stkdepth_vars.obj</name>
      </input_file>
      <input_file id="fl-180">
         <path>C:\ti\ccsv6\tools\compiler\arm_15.12.3.LTS\lib\</path>
         <kind>archive</kind>
         <file>rtsv7M4_T_le_v4SPD16_eabi.lib</file>
         <name>_lock.obj</name>
      </input_file>
      <input_file id="fl-181">
         <path>C:\ti\ccsv6\tools\compiler\arm_15.12.3.LTS\lib\</path>
         <kind>archive</kind>
         <file>rtsv7M4_T_le_v4SPD16_eabi.lib</file>
         <name>args_main.obj</name>
      </input_file>
      <input_file id="fl-182">
         <path>C:\ti\ccsv6\tools\compiler\arm_15.12.3.LTS\lib\</path>
         <kind>archive</kind>
         <file>rtsv7M4_T_le_v4SPD16_eabi.lib</file>
         <name>autoinit.obj</name>
      </input_file>
      <input_file id="fl-183">
         <path>C:\ti\ccsv6\tools\compiler\arm_15.12.3.LTS\lib\</path>
         <kind>archive</kind>
         <file>rtsv7M4_T_le_v4SPD16_eabi.lib</file>
         <name>cpy_tbl.obj</name>
      </input_file>
      <input_file id="fl-184">
         <path>C:\ti\ccsv6\tools\compiler\arm_15.12.3.LTS\lib\</path>
         <kind>archive</kind>
         <file>rtsv7M4_T_le_v4SPD16_eabi.lib</file>
         <name>startup.obj</name>
      </input_file>
   </input_file_list>
   <object_component_list>
      <object_component id="oc-2c">
         <name>.intvecs:retain</name>
         <load_address>0x0</load_address>
         <run_address>0x0</run_address>
         <size>0xe4</size>
         <input_file_ref idref="fl-3"/>
      </object_component>
      <object_component id="oc-a8">
         <name>.text</name>
         <load_address>0x19220</load_address>
         <run_address>0x19220</run_address>
         <size>0xa48</size>
         <input_file_ref idref="fl-2"/>
      </object_component>
      <object_component id="oc-d9">
         <name>.text</name>
         <load_address>0x19c68</load_address>
         <run_address>0x19c68</run_address>
         <size>0x7be</size>
         <input_file_ref idref="fl-ab"/>
      </object_component>
      <object_component id="oc-55">
         <name>.text</name>
         <load_address>0x1a426</load_address>
         <run_address>0x1a426</run_address>
         <size>0x2</size>
         <input_file_ref idref="fl-17d"/>
      </object_component>
      <object_component id="oc-e5">
         <name>.text</name>
         <load_address>0x1a428</load_address>
         <run_address>0x1a428</run_address>
         <size>0x704</size>
         <input_file_ref idref="fl-5"/>
      </object_component>
      <object_component id="oc-f1">
         <name>.text</name>
         <load_address>0x1ab2c</load_address>
         <run_address>0x1ab2c</run_address>
         <size>0x630</size>
         <input_file_ref idref="fl-a9"/>
      </object_component>
      <object_component id="oc-126">
         <name>.text</name>
         <load_address>0x1b15c</load_address>
         <run_address>0x1b15c</run_address>
         <size>0x498</size>
         <input_file_ref idref="fl-a1"/>
      </object_component>
      <object_component id="oc-11a">
         <name>.text</name>
         <load_address>0x1b5f4</load_address>
         <run_address>0x1b5f4</run_address>
         <size>0x490</size>
         <input_file_ref idref="fl-a6"/>
      </object_component>
      <object_component id="oc-f7">
         <name>.text</name>
         <load_address>0x1ba84</load_address>
         <run_address>0x1ba84</run_address>
         <size>0x452</size>
         <input_file_ref idref="fl-a4"/>
      </object_component>
      <object_component id="oc-120">
         <name>.text</name>
         <load_address>0x1bed6</load_address>
         <run_address>0x1bed6</run_address>
         <size>0x33e</size>
         <input_file_ref idref="fl-a8"/>
      </object_component>
      <object_component id="oc-bb">
         <name>.text</name>
         <load_address>0x1c214</load_address>
         <run_address>0x1c214</run_address>
         <size>0x32c</size>
         <input_file_ref idref="fl-4"/>
      </object_component>
      <object_component id="oc-135">
         <name>.text</name>
         <load_address>0x1c540</load_address>
         <run_address>0x1c540</run_address>
         <size>0x298</size>
         <input_file_ref idref="fl-9f"/>
      </object_component>
      <object_component id="oc-df">
         <name>.text</name>
         <load_address>0x1c7d8</load_address>
         <run_address>0x1c7d8</run_address>
         <size>0x266</size>
         <input_file_ref idref="fl-a2"/>
      </object_component>
      <object_component id="oc-a0">
         <name>.text</name>
         <load_address>0x1ca3e</load_address>
         <run_address>0x1ca3e</run_address>
         <size>0x2</size>
         <input_file_ref idref="fl-184"/>
      </object_component>
      <object_component id="oc-eb">
         <name>.text</name>
         <load_address>0x1ca40</load_address>
         <run_address>0x1ca40</run_address>
         <size>0x250</size>
         <input_file_ref idref="fl-a5"/>
      </object_component>
      <object_component id="oc-191">
         <name>.text</name>
         <load_address>0x1cc90</load_address>
         <run_address>0x1cc90</run_address>
         <size>0x1a0</size>
         <input_file_ref idref="fl-aa"/>
      </object_component>
      <object_component id="oc-20b">
         <name>.text:__PCM_setPowerStateAdvanced</name>
         <load_address>0x1ce30</load_address>
         <run_address>0x1ce30</run_address>
         <size>0x1a0</size>
         <input_file_ref idref="fl-bb"/>
      </object_component>
      <object_component id="oc-153">
         <name>.text:CS_setDCOFrequency</name>
         <load_address>0x1cfd0</load_address>
         <run_address>0x1cfd0</run_address>
         <size>0x14c</size>
         <input_file_ref idref="fl-b6"/>
      </object_component>
      <object_component id="oc-199">
         <name>.text</name>
         <load_address>0x1d11c</load_address>
         <run_address>0x1d11c</run_address>
         <size>0x134</size>
         <input_file_ref idref="fl-a3"/>
      </object_component>
      <object_component id="oc-398">
         <name>.text:CS_getDCOFrequency</name>
         <load_address>0x1d250</load_address>
         <run_address>0x1d250</run_address>
         <size>0x104</size>
         <input_file_ref idref="fl-b6"/>
      </object_component>
      <object_component id="oc-159">
         <name>.text:CS_initClockSignal</name>
         <load_address>0x1d354</load_address>
         <run_address>0x1d354</run_address>
         <size>0xe0</size>
         <input_file_ref idref="fl-b6"/>
      </object_component>
      <object_component id="oc-2e8">
         <name>.text:__PCM_setPowerModeAdvanced</name>
         <load_address>0x1d434</load_address>
         <run_address>0x1d434</run_address>
         <size>0xdc</size>
         <input_file_ref idref="fl-bb"/>
      </object_component>
      <object_component id="oc-2e2">
         <name>.text:__PCM_setCoreVoltageLevelAdvanced</name>
         <load_address>0x1d510</load_address>
         <run_address>0x1d510</run_address>
         <size>0xb0</size>
         <input_file_ref idref="fl-bb"/>
      </object_component>
      <object_component id="oc-30e">
         <name>.text:_CSComputeCLKFrequency</name>
         <load_address>0x1d5c0</load_address>
         <run_address>0x1d5c0</run_address>
         <size>0x9c</size>
         <input_file_ref idref="fl-b6"/>
      </object_component>
      <object_component id="oc-30">
         <name>.text</name>
         <load_address>0x1d65c</load_address>
         <run_address>0x1d65c</run_address>
         <size>0x9c</size>
         <input_file_ref idref="fl-17b"/>
      </object_component>
      <object_component id="oc-252">
         <name>.text:SPI_initMaster</name>
         <load_address>0x1d6f8</load_address>
         <run_address>0x1d6f8</run_address>
         <size>0x88</size>
         <input_file_ref idref="fl-bd"/>
      </object_component>
      <object_component id="oc-2d0">
         <name>.text:PCM_gotoLPM3</name>
         <load_address>0x1d780</load_address>
         <run_address>0x1d780</run_address>
         <size>0x7c</size>
         <input_file_ref idref="fl-bb"/>
      </object_component>
      <object_component id="oc-49">
         <name>.text</name>
         <load_address>0x1d7fc</load_address>
         <run_address>0x1d7fc</run_address>
         <size>0x7a</size>
         <input_file_ref idref="fl-17c"/>
      </object_component>
      <object_component id="oc-61">
         <name>.text</name>
         <load_address>0x1d878</load_address>
         <run_address>0x1d878</run_address>
         <size>0x70</size>
         <input_file_ref idref="fl-182"/>
      </object_component>
      <object_component id="oc-3c">
         <name>.text</name>
         <load_address>0x1d8e8</load_address>
         <run_address>0x1d8e8</run_address>
         <size>0x6a</size>
         <input_file_ref idref="fl-178"/>
      </object_component>
      <object_component id="oc-21b">
         <name>.text:CS_tuneDCOFrequency</name>
         <load_address>0x1d954</load_address>
         <run_address>0x1d954</run_address>
         <size>0x54</size>
         <input_file_ref idref="fl-b6"/>
      </object_component>
      <object_component id="oc-26">
         <name>.text</name>
         <load_address>0x1d9a8</load_address>
         <run_address>0x1d9a8</run_address>
         <size>0x54</size>
         <input_file_ref idref="fl-176"/>
      </object_component>
      <object_component id="oc-6d">
         <name>.text</name>
         <load_address>0x1d9fc</load_address>
         <run_address>0x1d9fc</run_address>
         <size>0x54</size>
         <input_file_ref idref="fl-17a"/>
      </object_component>
      <object_component id="oc-2dc">
         <name>.text:PCM_shutdownDevice</name>
         <load_address>0x1da50</load_address>
         <run_address>0x1da50</run_address>
         <size>0x50</size>
         <input_file_ref idref="fl-bb"/>
      </object_component>
      <object_component id="oc-215">
         <name>.text:SysCtl_getTLVInfo</name>
         <load_address>0x1daa0</load_address>
         <run_address>0x1daa0</run_address>
         <size>0x50</size>
         <input_file_ref idref="fl-be"/>
      </object_component>
      <object_component id="oc-246">
         <name>.text:GPIO_setAsPeripheralModuleFunctionOutputPin</name>
         <load_address>0x1daf0</load_address>
         <run_address>0x1daf0</run_address>
         <size>0x4c</size>
         <input_file_ref idref="fl-b9"/>
      </object_component>
      <object_component id="oc-3c3">
         <name>.text:_CSGetDOCFrequency</name>
         <load_address>0x1db3c</load_address>
         <run_address>0x1db3c</run_address>
         <size>0x4c</size>
         <input_file_ref idref="fl-b6"/>
      </object_component>
      <object_component id="oc-9a">
         <name>.text</name>
         <load_address>0x1db88</load_address>
         <run_address>0x1db88</run_address>
         <size>0x4c</size>
         <input_file_ref idref="fl-183"/>
      </object_component>
      <object_component id="oc-392">
         <name>.text:_CSGetDividerValue</name>
         <load_address>0x1dbd4</load_address>
         <run_address>0x1dbd4</run_address>
         <size>0x48</size>
         <input_file_ref idref="fl-b6"/>
      </object_component>
      <object_component id="oc-315">
         <name>.text:is_A_Module</name>
         <load_address>0x1dc1c</load_address>
         <run_address>0x1dc1c</run_address>
         <size>0x30</size>
         <input_file_ref idref="fl-bd"/>
      </object_component>
      <object_component id="oc-381">
         <name>.text:PCM_getCoreVoltageLevel</name>
         <load_address>0x1dc4c</load_address>
         <run_address>0x1dc4c</run_address>
         <size>0x2c</size>
         <input_file_ref idref="fl-bb"/>
      </object_component>
      <object_component id="oc-366">
         <name>.text:PCM_getPowerMode</name>
         <load_address>0x1dc78</load_address>
         <run_address>0x1dc78</run_address>
         <size>0x2a</size>
         <input_file_ref idref="fl-bb"/>
      </object_component>
      <object_component id="oc-141">
         <name>.text:FlashCtl_setWaitState</name>
         <load_address>0x1dca4</load_address>
         <run_address>0x1dca4</run_address>
         <size>0x28</size>
         <input_file_ref idref="fl-b7"/>
      </object_component>
      <object_component id="oc-2ee">
         <name>.text:PCM_gotoLPM0</name>
         <load_address>0x1dccc</load_address>
         <run_address>0x1dccc</run_address>
         <size>0x28</size>
         <input_file_ref idref="fl-bb"/>
      </object_component>
      <object_component id="oc-39e">
         <name>.text:CS_clearInterruptFlag</name>
         <load_address>0x1dcf4</load_address>
         <run_address>0x1dcf4</run_address>
         <size>0x24</size>
         <input_file_ref idref="fl-b6"/>
      </object_component>
      <object_component id="oc-14d">
         <name>.text:CS_setDCOCenteredFrequency</name>
         <load_address>0x1dd18</load_address>
         <run_address>0x1dd18</run_address>
         <size>0x24</size>
         <input_file_ref idref="fl-b6"/>
      </object_component>
      <object_component id="oc-23a">
         <name>.text:GPIO_setAsOutputPin</name>
         <load_address>0x1dd3c</load_address>
         <run_address>0x1dd3c</run_address>
         <size>0x24</size>
         <input_file_ref idref="fl-b9"/>
      </object_component>
      <object_component id="oc-379">
         <name>.text:RTC_C_holdClock</name>
         <load_address>0x1dd60</load_address>
         <run_address>0x1dd60</run_address>
         <size>0x24</size>
         <input_file_ref idref="fl-bc"/>
      </object_component>
      <object_component id="oc-258">
         <name>.text:SPI_clearInterruptFlag</name>
         <load_address>0x1dd84</load_address>
         <run_address>0x1dd84</run_address>
         <size>0x20</size>
         <input_file_ref idref="fl-bd"/>
      </object_component>
      <object_component id="oc-276">
         <name>.text:SPI_getInterruptStatus</name>
         <load_address>0x1dda4</load_address>
         <run_address>0x1dda4</run_address>
         <size>0x20</size>
         <input_file_ref idref="fl-bd"/>
      </object_component>
      <object_component id="oc-270">
         <name>.text:SPI_transmitData</name>
         <load_address>0x1ddc4</load_address>
         <run_address>0x1ddc4</run_address>
         <size>0x20</size>
         <input_file_ref idref="fl-bd"/>
      </object_component>
      <object_component id="oc-338">
         <name>.text:EUSCI_A_SPI_isBusy</name>
         <load_address>0x1dde4</load_address>
         <run_address>0x1dde4</run_address>
         <size>0x1c</size>
         <input_file_ref idref="fl-bd"/>
      </object_component>
      <object_component id="oc-33e">
         <name>.text:EUSCI_B_SPI_isBusy</name>
         <load_address>0x1de00</load_address>
         <run_address>0x1de00</run_address>
         <size>0x1c</size>
         <input_file_ref idref="fl-bd"/>
      </object_component>
      <object_component id="oc-25e">
         <name>.text:SPI_enableModule</name>
         <load_address>0x1de1c</load_address>
         <run_address>0x1de1c</run_address>
         <size>0x1a</size>
         <input_file_ref idref="fl-bd"/>
      </object_component>
      <object_component id="oc-26a">
         <name>.text:SPI_isBusy</name>
         <load_address>0x1de36</load_address>
         <run_address>0x1de36</run_address>
         <size>0x1a</size>
         <input_file_ref idref="fl-bd"/>
      </object_component>
      <object_component id="oc-24c">
         <name>.text:CS_getSMCLK</name>
         <load_address>0x1de50</load_address>
         <run_address>0x1de50</run_address>
         <size>0x18</size>
         <input_file_ref idref="fl-b6"/>
      </object_component>
      <object_component id="oc-240">
         <name>.text:GPIO_setOutputLowOnPin</name>
         <load_address>0x1de68</load_address>
         <run_address>0x1de68</run_address>
         <size>0x18</size>
         <input_file_ref idref="fl-b9"/>
      </object_component>
      <object_component id="oc-d3">
         <name>.text:WDT_A_holdTimer</name>
         <load_address>0x1de80</load_address>
         <run_address>0x1de80</run_address>
         <size>0x18</size>
         <input_file_ref idref="fl-bf"/>
      </object_component>
      <object_component id="oc-67">
         <name>.text</name>
         <load_address>0x1de98</load_address>
         <run_address>0x1de98</run_address>
         <size>0x18</size>
         <input_file_ref idref="fl-181"/>
      </object_component>
      <object_component id="oc-13b">
         <name>.text:FPU_enableModule</name>
         <load_address>0x1deb0</load_address>
         <run_address>0x1deb0</run_address>
         <size>0x14</size>
         <input_file_ref idref="fl-b8"/>
      </object_component>
      <object_component id="oc-264">
         <name>.text:GPIO_setOutputHighOnPin</name>
         <load_address>0x1dec4</load_address>
         <run_address>0x1dec4</run_address>
         <size>0x14</size>
         <input_file_ref idref="fl-b9"/>
      </object_component>
      <object_component id="oc-179">
         <name>.text</name>
         <load_address>0x1ded8</load_address>
         <run_address>0x1ded8</run_address>
         <size>0x14</size>
         <input_file_ref idref="fl-180"/>
      </object_component>
      <object_component id="oc-2d6">
         <name>.text:PCM_gotoLPM4</name>
         <load_address>0x1deec</load_address>
         <run_address>0x1deec</run_address>
         <size>0x10</size>
         <input_file_ref idref="fl-bb"/>
      </object_component>
      <object_component id="oc-323">
         <name>.text:EUSCI_A_SPI_clearInterruptFlag</name>
         <load_address>0x1defc</load_address>
         <run_address>0x1defc</run_address>
         <size>0xe</size>
         <input_file_ref idref="fl-bd"/>
      </object_component>
      <object_component id="oc-31d">
         <name>.text:EUSCI_B_SPI_clearInterruptFlag</name>
         <load_address>0x1df0a</load_address>
         <run_address>0x1df0a</run_address>
         <size>0xe</size>
         <input_file_ref idref="fl-bd"/>
      </object_component>
      <object_component id="oc-14">
         <name>.text:decompress:none</name>
         <load_address>0x1df18</load_address>
         <run_address>0x1df18</run_address>
         <size>0xe</size>
         <input_file_ref idref="fl-177"/>
      </object_component>
      <object_component id="oc-77">
         <name>.text</name>
         <load_address>0x1df26</load_address>
         <run_address>0x1df26</run_address>
         <size>0xe</size>
         <input_file_ref idref="fl-3"/>
      </object_component>
      <object_component id="oc-330">
         <name>.text:EUSCI_A_SPI_enable</name>
         <load_address>0x1df34</load_address>
         <run_address>0x1df34</run_address>
         <size>0xc</size>
         <input_file_ref idref="fl-bd"/>
      </object_component>
      <object_component id="oc-32a">
         <name>.text:EUSCI_B_SPI_enable</name>
         <load_address>0x1df40</load_address>
         <run_address>0x1df40</run_address>
         <size>0xc</size>
         <input_file_ref idref="fl-bd"/>
      </object_component>
      <object_component id="oc-2ca">
         <name>.text:PCM_getPowerState</name>
         <load_address>0x1df4c</load_address>
         <run_address>0x1df4c</run_address>
         <size>0xc</size>
         <input_file_ref idref="fl-bb"/>
      </object_component>
      <object_component id="oc-352">
         <name>.text:EUSCI_A_SPI_getInterruptStatus</name>
         <load_address>0x1df58</load_address>
         <run_address>0x1df58</run_address>
         <size>0x8</size>
         <input_file_ref idref="fl-bd"/>
      </object_component>
      <object_component id="oc-358">
         <name>.text:EUSCI_B_SPI_getInterruptStatus</name>
         <load_address>0x1df60</load_address>
         <run_address>0x1df60</run_address>
         <size>0x8</size>
         <input_file_ref idref="fl-bd"/>
      </object_component>
      <object_component id="oc-36c">
         <name>.text:PCM_setPowerMode</name>
         <load_address>0x1df68</load_address>
         <run_address>0x1df68</run_address>
         <size>0x8</size>
         <input_file_ref idref="fl-bb"/>
      </object_component>
      <object_component id="oc-147">
         <name>.text:PCM_setPowerState</name>
         <load_address>0x1df70</load_address>
         <run_address>0x1df70</run_address>
         <size>0x8</size>
         <input_file_ref idref="fl-bb"/>
      </object_component>
      <object_component id="oc-1a">
         <name>.text:decompress:rle24</name>
         <load_address>0x1df78</load_address>
         <run_address>0x1df78</run_address>
         <size>0x6</size>
         <input_file_ref idref="fl-178"/>
      </object_component>
      <object_component id="oc-372">
         <name>.text:CPU_wfi</name>
         <load_address>0x1df7e</load_address>
         <run_address>0x1df7e</run_address>
         <size>0x4</size>
         <input_file_ref idref="fl-c0"/>
      </object_component>
      <object_component id="oc-34b">
         <name>.text:EUSCI_A_SPI_transmitData</name>
         <load_address>0x1df82</load_address>
         <run_address>0x1df82</run_address>
         <size>0x4</size>
         <input_file_ref idref="fl-bd"/>
      </object_component>
      <object_component id="oc-345">
         <name>.text:EUSCI_B_SPI_transmitData</name>
         <load_address>0x1df86</load_address>
         <run_address>0x1df86</run_address>
         <size>0x4</size>
         <input_file_ref idref="fl-bd"/>
      </object_component>
      <object_component id="oc-5b">
         <name>.text</name>
         <load_address>0x1df8a</load_address>
         <run_address>0x1df8a</run_address>
         <size>0x4</size>
         <input_file_ref idref="fl-17e"/>
      </object_component>
      <object_component id="oc-226">
         <name>.const:.string:pixel_lcd_color_320x2408BPP_UNCOMP</name>
         <load_address>0xe4</load_address>
         <run_address>0xe4</run_address>
         <size>0x12c00</size>
         <input_file_ref idref="fl-b0"/>
      </object_component>
      <object_component id="oc-1e5">
         <name>.const:.string:pixel_Images_Button4BPP_UNCOMP</name>
         <load_address>0x12ce4</load_address>
         <run_address>0x12ce4</run_address>
         <size>0x17a2</size>
         <input_file_ref idref="fl-ac"/>
      </object_component>
      <object_component id="oc-1dc">
         <name>.const:.string:pixel_Primitives_Button4BPP_UNCOMP</name>
         <load_address>0x14486</load_address>
         <run_address>0x14486</run_address>
         <size>0x17a2</size>
         <input_file_ref idref="fl-ad"/>
      </object_component>
      <object_component id="oc-1f4">
         <name>.const:.string:pixel_TI_platform_bar_red4BPP_UNCOMP</name>
         <load_address>0x15c28</load_address>
         <run_address>0x15c28</run_address>
         <size>0x173e</size>
         <input_file_ref idref="fl-af"/>
      </object_component>
      <object_component id="oc-1d1">
         <name>.const:.string:g_pucCmss20bData</name>
         <load_address>0x17366</load_address>
         <run_address>0x17366</run_address>
         <size>0x890</size>
         <input_file_ref idref="fl-5f"/>
      </object_component>
      <object_component id="oc-1eb">
         <name>.const:.string:g_pucCm18Data</name>
         <load_address>0x17bf6</load_address>
         <run_address>0x17bf6</run_address>
         <size>0x86e</size>
         <input_file_ref idref="fl-f"/>
      </object_component>
      <object_component id="oc-22f">
         <name>.const:.string:pixel_TI_logo_150x1501BPP_COMP_RLE4</name>
         <load_address>0x18464</load_address>
         <run_address>0x18464</run_address>
         <size>0x6b4</size>
         <input_file_ref idref="fl-ae"/>
      </object_component>
      <object_component id="oc-223">
         <name>.const:palette_lcd_color_320x2408BPP_UNCOMP</name>
         <load_address>0x18b18</load_address>
         <run_address>0x18b18</run_address>
         <size>0x400</size>
         <input_file_ref idref="fl-b0"/>
      </object_component>
      <object_component id="oc-113">
         <name>.const:g_sFontCm18</name>
         <load_address>0x18f18</load_address>
         <run_address>0x18f18</run_address>
         <size>0xc8</size>
         <input_file_ref idref="fl-f"/>
      </object_component>
      <object_component id="oc-103">
         <name>.const:g_sFontCmss20b</name>
         <load_address>0x18fe0</load_address>
         <run_address>0x18fe0</run_address>
         <size>0xc8</size>
         <input_file_ref idref="fl-5f"/>
      </object_component>
      <object_component id="oc-1e2">
         <name>.const:palette_Images_Button4BPP_UNCOMP</name>
         <load_address>0x190a8</load_address>
         <run_address>0x190a8</run_address>
         <size>0x40</size>
         <input_file_ref idref="fl-ac"/>
      </object_component>
      <object_component id="oc-1d9">
         <name>.const:palette_Primitives_Button4BPP_UNCOMP</name>
         <load_address>0x190e8</load_address>
         <run_address>0x190e8</run_address>
         <size>0x40</size>
         <input_file_ref idref="fl-ad"/>
      </object_component>
      <object_component id="oc-1f1">
         <name>.const:palette_TI_platform_bar_red4BPP_UNCOMP</name>
         <load_address>0x19128</load_address>
         <run_address>0x19128</run_address>
         <size>0x40</size>
         <input_file_ref idref="fl-af"/>
      </object_component>
      <object_component id="oc-100">
         <name>.const:g_sKitronix320x240x16_SSD2119</name>
         <load_address>0x19168</load_address>
         <run_address>0x19168</run_address>
         <size>0x2c</size>
         <input_file_ref idref="fl-ab"/>
      </object_component>
      <object_component id="oc-27c">
         <name>.const:$P$T0$1</name>
         <load_address>0x19194</load_address>
         <run_address>0x19194</run_address>
         <size>0x1c</size>
         <input_file_ref idref="fl-aa"/>
      </object_component>
      <object_component id="oc-10f">
         <name>.const:Images_Button4BPP_UNCOMP</name>
         <load_address>0x191b0</load_address>
         <run_address>0x191b0</run_address>
         <size>0x10</size>
         <input_file_ref idref="fl-ac"/>
      </object_component>
      <object_component id="oc-10c">
         <name>.const:Primitives_Button4BPP_UNCOMP</name>
         <load_address>0x191c0</load_address>
         <run_address>0x191c0</run_address>
         <size>0x10</size>
         <input_file_ref idref="fl-ad"/>
      </object_component>
      <object_component id="oc-162">
         <name>.const:TI_logo_150x1501BPP_COMP_RLE4</name>
         <load_address>0x191d0</load_address>
         <run_address>0x191d0</run_address>
         <size>0x10</size>
         <input_file_ref idref="fl-ae"/>
      </object_component>
      <object_component id="oc-117">
         <name>.const:TI_platform_bar_red4BPP_UNCOMP</name>
         <load_address>0x191e0</load_address>
         <run_address>0x191e0</run_address>
         <size>0x10</size>
         <input_file_ref idref="fl-af"/>
      </object_component>
      <object_component id="oc-15f">
         <name>.const:lcd_color_320x2408BPP_UNCOMP</name>
         <load_address>0x191f0</load_address>
         <run_address>0x191f0</run_address>
         <size>0x10</size>
         <input_file_ref idref="fl-b0"/>
      </object_component>
      <object_component id="oc-12c">
         <name>.const:$P$T0$1</name>
         <load_address>0x19200</load_address>
         <run_address>0x19200</run_address>
         <size>0x8</size>
         <input_file_ref idref="fl-2"/>
      </object_component>
      <object_component id="oc-12f">
         <name>.const:$P$T1$2</name>
         <load_address>0x19208</load_address>
         <run_address>0x19208</run_address>
         <size>0x8</size>
         <input_file_ref idref="fl-2"/>
      </object_component>
      <object_component id="oc-132">
         <name>.const:$P$T2$3</name>
         <load_address>0x19210</load_address>
         <run_address>0x19210</run_address>
         <size>0x8</size>
         <input_file_ref idref="fl-2"/>
      </object_component>
      <object_component id="oc-22c">
         <name>.const:palette_TI_logo_150x1501BPP_COMP_RLE4</name>
         <load_address>0x19218</load_address>
         <run_address>0x19218</run_address>
         <size>0x8</size>
         <input_file_ref idref="fl-ae"/>
      </object_component>
      <object_component id="oc-3f3">
         <name>.cinit..data.load</name>
         <load_address>0x1df90</load_address>
         <run_address>0x1df90</run_address>
         <size>0x4a</size>
      </object_component>
      <object_component id="oc-3f4">
         <name>.cinit..bss.load</name>
         <load_address>0x1dfe0</load_address>
         <run_address>0x1dfe0</run_address>
         <size>0xb</size>
      </object_component>
      <object_component id="oc-3f1">
         <name>__TI_handler_table</name>
         <load_address>0x1dfec</load_address>
         <run_address>0x1dfec</run_address>
         <size>0x8</size>
      </object_component>
      <object_component id="oc-3f2">
         <name>__TI_cinit_table</name>
         <load_address>0x1dff4</load_address>
         <run_address>0x1dff4</run_address>
         <size>0x10</size>
      </object_component>
      <object_component id="oc-3ce">
         <name>.binit</name>
         <load_address>0x0</load_address>
         <run_address>0x0</run_address>
         <size>0x0</size>
      </object_component>
      <object_component id="oc-109">
         <name>.data</name>
         <load_address>0x2000050c</load_address>
         <run_address>0x2000050c</run_address>
         <size>0x1</size>
         <input_file_ref idref="fl-2"/>
      </object_component>
      <object_component id="oc-185">
         <name>.data</name>
         <load_address>0x20000508</load_address>
         <run_address>0x20000508</run_address>
         <size>0x4</size>
         <input_file_ref idref="fl-4"/>
      </object_component>
      <object_component id="oc-307">
         <name>.data:GPIO_PORT_TO_BASE</name>
         <load_address>0x200004c0</load_address>
         <run_address>0x200004c0</run_address>
         <size>0x30</size>
         <input_file_ref idref="fl-b9"/>
      </object_component>
      <object_component id="oc-b0">
         <name>.data:$O1$$</name>
         <load_address>0x200004f0</load_address>
         <run_address>0x200004f0</run_address>
         <size>0xc</size>
         <input_file_ref idref="fl-17a"/>
      </object_component>
      <object_component id="oc-73">
         <name>.data</name>
         <load_address>0x20000504</load_address>
         <run_address>0x20000504</run_address>
         <size>0x4</size>
         <input_file_ref idref="fl-17f"/>
      </object_component>
      <object_component id="oc-b3">
         <name>.data:$O1$$</name>
         <load_address>0x200004fc</load_address>
         <run_address>0x200004fc</run_address>
         <size>0x8</size>
         <input_file_ref idref="fl-180"/>
      </object_component>
      <object_component id="oc-1a1">
         <name>.bss:touch_calibrationData</name>
         <uninitialized>true</uninitialized>
         <run_address>0x200004a4</run_address>
         <size>0xc</size>
         <input_file_ref idref="fl-5"/>
      </object_component>
      <object_component id="oc-1b4">
         <name>.bss:g_pulConvertedPalette</name>
         <uninitialized>true</uninitialized>
         <run_address>0x20000000</run_address>
         <size>0x400</size>
         <input_file_ref idref="fl-a4"/>
      </object_component>
      <object_component id="oc-106">
         <name>.common:g_sTouchContext</name>
         <uninitialized>true</uninitialized>
         <run_address>0x200004b0</run_address>
         <size>0x6</size>
      </object_component>
      <object_component id="oc-107">
         <name>.common:primitiveButton</name>
         <uninitialized>true</uninitialized>
         <run_address>0x2000048c</run_address>
         <size>0x18</size>
      </object_component>
      <object_component id="oc-108">
         <name>.common:imageButton</name>
         <uninitialized>true</uninitialized>
         <run_address>0x20000474</run_address>
         <size>0x18</size>
      </object_component>
      <object_component id="oc-112">
         <name>.common:yesButton</name>
         <uninitialized>true</uninitialized>
         <run_address>0x2000042c</run_address>
         <size>0x2c</size>
      </object_component>
      <object_component id="oc-116">
         <name>.common:noButton</name>
         <uninitialized>true</uninitialized>
         <run_address>0x20000400</run_address>
         <size>0x2c</size>
      </object_component>
      <object_component id="oc-fd">
         <name>.common:g_sContext</name>
         <uninitialized>true</uninitialized>
         <run_address>0x20000458</run_address>
         <size>0x1c</size>
      </object_component>
      <object_component id="oc-3a4">
         <name>.common:hfxtFreq</name>
         <uninitialized>true</uninitialized>
         <run_address>0x200004b8</run_address>
         <size>0x4</size>
      </object_component>
      <object_component id="oc-3a5">
         <name>.common:lfxtFreq</name>
         <uninitialized>true</uninitialized>
         <run_address>0x200004bc</run_address>
         <size>0x4</size>
      </object_component>
      <object_component id="oc-2f">
         <name>.stack</name>
         <uninitialized>true</uninitialized>
         <run_address>0x2000fe00</run_address>
         <size>0x0</size>
         <input_file_ref idref="fl-176"/>
      </object_component>
      <object_component id="oc-3f5">
         <name>.stack</name>
         <uninitialized>true</uninitialized>
         <run_address>0x2000fe00</run_address>
         <size>0x0</size>
      </object_component>
      <object_component id="oc-fe">
         <name>.debug_info</name>
         <load_address>0x0</load_address>
         <run_address>0x0</run_address>
         <size>0x10e9</size>
         <input_file_ref idref="fl-2"/>
      </object_component>
      <object_component id="oc-10a">
         <name>.debug_info</name>
         <load_address>0x10e9</load_address>
         <run_address>0x10e9</run_address>
         <size>0xe5</size>
         <input_file_ref idref="fl-2"/>
      </object_component>
      <object_component id="oc-12d">
         <name>.debug_info</name>
         <load_address>0x11ce</load_address>
         <run_address>0x11ce</run_address>
         <size>0xe0</size>
         <input_file_ref idref="fl-2"/>
      </object_component>
      <object_component id="oc-130">
         <name>.debug_info</name>
         <load_address>0x12ae</load_address>
         <run_address>0x12ae</run_address>
         <size>0xe0</size>
         <input_file_ref idref="fl-2"/>
      </object_component>
      <object_component id="oc-133">
         <name>.debug_info</name>
         <load_address>0x138e</load_address>
         <run_address>0x138e</run_address>
         <size>0xe0</size>
         <input_file_ref idref="fl-2"/>
      </object_component>
      <object_component id="oc-a9">
         <name>.debug_info</name>
         <load_address>0x146e</load_address>
         <run_address>0x146e</run_address>
         <size>0x11ec</size>
         <input_file_ref idref="fl-2"/>
      </object_component>
      <object_component id="oc-1c0">
         <name>.debug_info</name>
         <load_address>0x265a</load_address>
         <run_address>0x265a</run_address>
         <size>0x103e</size>
         <input_file_ref idref="fl-2"/>
      </object_component>
      <object_component id="oc-1bb">
         <name>.debug_info</name>
         <load_address>0x3698</load_address>
         <run_address>0x3698</run_address>
         <size>0x37a3</size>
         <input_file_ref idref="fl-2"/>
      </object_component>
      <object_component id="oc-2c0">
         <name>.debug_info</name>
         <load_address>0x6e3b</load_address>
         <run_address>0x6e3b</run_address>
         <size>0x1b5</size>
         <input_file_ref idref="fl-2"/>
      </object_component>
      <object_component id="oc-1c5">
         <name>.debug_info</name>
         <load_address>0x6ff0</load_address>
         <run_address>0x6ff0</run_address>
         <size>0x166</size>
         <input_file_ref idref="fl-2"/>
      </object_component>
      <object_component id="oc-16b">
         <name>.debug_info</name>
         <load_address>0x7156</load_address>
         <run_address>0x7156</run_address>
         <size>0x40a</size>
         <input_file_ref idref="fl-2"/>
      </object_component>
      <object_component id="oc-1ca">
         <name>.debug_info</name>
         <load_address>0x7560</load_address>
         <run_address>0x7560</run_address>
         <size>0xee</size>
         <input_file_ref idref="fl-2"/>
      </object_component>
      <object_component id="oc-1a5">
         <name>.debug_info</name>
         <load_address>0x764e</load_address>
         <run_address>0x764e</run_address>
         <size>0x8b</size>
         <input_file_ref idref="fl-2"/>
      </object_component>
      <object_component id="oc-166">
         <name>.debug_info</name>
         <load_address>0x76d9</load_address>
         <run_address>0x76d9</run_address>
         <size>0x18b</size>
         <input_file_ref idref="fl-2"/>
      </object_component>
      <object_component id="oc-280">
         <name>.debug_info</name>
         <load_address>0x7864</load_address>
         <run_address>0x7864</run_address>
         <size>0x131</size>
         <input_file_ref idref="fl-2"/>
      </object_component>
      <object_component id="oc-1ab">
         <name>.debug_info</name>
         <load_address>0x7995</load_address>
         <run_address>0x7995</run_address>
         <size>0xf5</size>
         <input_file_ref idref="fl-2"/>
      </object_component>
      <object_component id="oc-7f">
         <name>.debug_info</name>
         <load_address>0x7a8a</load_address>
         <run_address>0x7a8a</run_address>
         <size>0x12e</size>
         <input_file_ref idref="fl-3"/>
      </object_component>
      <object_component id="oc-2d">
         <name>.debug_info</name>
         <load_address>0x7bb8</load_address>
         <run_address>0x7bb8</run_address>
         <size>0x106</size>
         <input_file_ref idref="fl-3"/>
      </object_component>
      <object_component id="oc-78">
         <name>.debug_info</name>
         <load_address>0x7cbe</load_address>
         <run_address>0x7cbe</run_address>
         <size>0x1cd</size>
         <input_file_ref idref="fl-3"/>
      </object_component>
      <object_component id="oc-88">
         <name>.debug_info</name>
         <load_address>0x7e8b</load_address>
         <run_address>0x7e8b</run_address>
         <size>0x84</size>
         <input_file_ref idref="fl-3"/>
[...]
      </symbol>
      <symbol id="sm-4d2">
         <name>Kitronix320x240x16_SSD2119LineDraw</name>
         <value>0x1a10b</value>
         <object_component_ref idref="oc-d9"/>
      </symbol>
      <symbol id="sm-4eb">
         <name>Images_Button4BPP_UNCOMP</name>
         <value>0x191b0</value>
         <object_component_ref idref="oc-10f"/>
      </symbol>
      <symbol id="sm-504">
         <name>Primitives_Button4BPP_UNCOMP</name>
         <value>0x191c0</value>
         <object_component_ref idref="oc-10c"/>
      </symbol>
      <symbol id="sm-51d">
         <name>TI_logo_150x1501BPP_COMP_RLE4</name>
         <value>0x191d0</value>
         <object_component_ref idref="oc-162"/>
      </symbol>
      <symbol id="sm-536">
         <name>TI_platform_bar_red4BPP_UNCOMP</name>
         <value>0x191e0</value>
         <object_component_ref idref="oc-117"/>
      </symbol>
      <symbol id="sm-54f">
         <name>lcd_color_320x2408BPP_UNCOMP</name>
         <value>0x191f0</value>
         <object_component_ref idref="oc-15f"/>
      </symbol>
      <symbol id="sm-61e">
         <name>CS_clearInterruptFlag</name>
         <value>0x1dcf5</value>
         <object_component_ref idref="oc-39e"/>
      </symbol>
      <symbol id="sm-61f">
         <name>CS_setDCOFrequency</name>
         <value>0x1cfd1</value>
         <object_component_ref idref="oc-153"/>
      </symbol>
      <symbol id="sm-620">
         <name>CS_getDCOFrequency</name>
         <value>0x1d251</value>
         <object_component_ref idref="oc-398"/>
      </symbol>
      <symbol id="sm-621">
         <name>CS_getSMCLK</name>
         <value>0x1de51</value>
         <object_component_ref idref="oc-24c"/>
      </symbol>
      <symbol id="sm-622">
         <name>CS_setDCOCenteredFrequency</name>
         <value>0x1dd19</value>
         <object_component_ref idref="oc-14d"/>
      </symbol>
      <symbol id="sm-623">
         <name>CS_tuneDCOFrequency</name>
         <value>0x1d955</value>
         <object_component_ref idref="oc-21b"/>
      </symbol>
      <symbol id="sm-624">
         <name>CS_initClockSignal</name>
         <value>0x1d355</value>
         <object_component_ref idref="oc-159"/>
      </symbol>
      <symbol id="sm-635">
         <name>FlashCtl_setWaitState</name>
         <value>0x1dca5</value>
         <object_component_ref idref="oc-141"/>
      </symbol>
      <symbol id="sm-641">
         <name>FPU_enableModule</name>
         <value>0x1deb1</value>
         <object_component_ref idref="oc-13b"/>
      </symbol>
      <symbol id="sm-67a">
         <name>GPIO_setOutputHighOnPin</name>
         <value>0x1dec5</value>
         <object_component_ref idref="oc-264"/>
      </symbol>
      <symbol id="sm-67b">
         <name>GPIO_setAsOutputPin</name>
         <value>0x1dd3d</value>
         <object_component_ref idref="oc-23a"/>
      </symbol>
      <symbol id="sm-67c">
         <name>GPIO_setOutputLowOnPin</name>
         <value>0x1de69</value>
         <object_component_ref idref="oc-240"/>
      </symbol>
      <symbol id="sm-67d">
         <name>GPIO_setAsPeripheralModuleFunctionOutputPin</name>
         <value>0x1daf1</value>
         <object_component_ref idref="oc-246"/>
      </symbol>
      <symbol id="sm-73b">
         <name>PCM_getCoreVoltageLevel</name>
         <value>0x1dc4d</value>
         <object_component_ref idref="oc-381"/>
      </symbol>
      <symbol id="sm-73c">
         <name>PCM_shutdownDevice</name>
         <value>0x1da51</value>
         <object_component_ref idref="oc-2dc"/>
      </symbol>
      <symbol id="sm-73d">
         <name>PCM_setPowerState</name>
         <value>0x1df71</value>
         <object_component_ref idref="oc-147"/>
      </symbol>
      <symbol id="sm-73e">
         <name>PCM_getPowerMode</name>
         <value>0x1dc79</value>
         <object_component_ref idref="oc-366"/>
      </symbol>
      <symbol id="sm-73f">
         <name>PCM_getPowerState</name>
         <value>0x1df4d</value>
         <object_component_ref idref="oc-2ca"/>
      </symbol>
      <symbol id="sm-740">
         <name>PCM_gotoLPM4</name>
         <value>0x1deed</value>
         <object_component_ref idref="oc-2d6"/>
      </symbol>
      <symbol id="sm-741">
         <name>PCM_gotoLPM3</name>
         <value>0x1d781</value>
         <object_component_ref idref="oc-2d0"/>
      </symbol>
      <symbol id="sm-742">
         <name>PCM_gotoLPM0</name>
         <value>0x1dccd</value>
         <object_component_ref idref="oc-2ee"/>
      </symbol>
      <symbol id="sm-743">
         <name>PCM_setPowerMode</name>
         <value>0x1df69</value>
         <object_component_ref idref="oc-36c"/>
      </symbol>
      <symbol id="sm-750">
         <name>RTC_C_holdClock</name>
         <value>0x1dd61</value>
         <object_component_ref idref="oc-379"/>
      </symbol>
      <symbol id="sm-7f1">
         <name>EUSCI_B_SPI_isBusy</name>
         <value>0x1de01</value>
         <object_component_ref idref="oc-33e"/>
      </symbol>
      <symbol id="sm-7f2">
         <name>EUSCI_A_SPI_getInterruptStatus</name>
         <value>0x1df59</value>
         <object_component_ref idref="oc-352"/>
      </symbol>
      <symbol id="sm-7f3">
         <name>EUSCI_B_SPI_getInterruptStatus</name>
         <value>0x1df61</value>
         <object_component_ref idref="oc-358"/>
      </symbol>
      <symbol id="sm-7f4">
         <name>EUSCI_B_SPI_enable</name>
         <value>0x1df41</value>
         <object_component_ref idref="oc-32a"/>
      </symbol>
      <symbol id="sm-7f5">
         <name>SPI_enableModule</name>
         <value>0x1de1d</value>
         <object_component_ref idref="oc-25e"/>
      </symbol>
      <symbol id="sm-7f6">
         <name>EUSCI_A_SPI_transmitData</name>
         <value>0x1df83</value>
         <object_component_ref idref="oc-34b"/>
      </symbol>
      <symbol id="sm-7f7">
         <name>SPI_clearInterruptFlag</name>
         <value>0x1dd85</value>
         <object_component_ref idref="oc-258"/>
      </symbol>
      <symbol id="sm-7f8">
         <name>EUSCI_B_SPI_transmitData</name>
         <value>0x1df87</value>
         <object_component_ref idref="oc-345"/>
      </symbol>
      <symbol id="sm-7f9">
         <name>SPI_isBusy</name>
         <value>0x1de37</value>
         <object_component_ref idref="oc-26a"/>
      </symbol>
      <symbol id="sm-7fa">
         <name>EUSCI_B_SPI_clearInterruptFlag</name>
         <value>0x1df0b</value>
         <object_component_ref idref="oc-31d"/>
      </symbol>
      <symbol id="sm-7fb">
         <name>EUSCI_A_SPI_clearInterruptFlag</name>
         <value>0x1defd</value>
         <object_component_ref idref="oc-323"/>
      </symbol>
      <symbol id="sm-7fc">
         <name>SPI_transmitData</name>
         <value>0x1ddc5</value>
         <object_component_ref idref="oc-270"/>
      </symbol>
      <symbol id="sm-7fd">
         <name>EUSCI_A_SPI_enable</name>
         <value>0x1df35</value>
         <object_component_ref idref="oc-330"/>
      </symbol>
      <symbol id="sm-7fe">
         <name>SPI_getInterruptStatus</name>
         <value>0x1dda5</value>
         <object_component_ref idref="oc-276"/>
      </symbol>
      <symbol id="sm-7ff">
         <name>SPI_initMaster</name>
         <value>0x1d6f9</value>
         <object_component_ref idref="oc-252"/>
      </symbol>
      <symbol id="sm-800">
         <name>EUSCI_A_SPI_isBusy</name>
         <value>0x1dde5</value>
         <object_component_ref idref="oc-338"/>
      </symbol>
      <symbol id="sm-815">
         <name>SysCtl_getTLVInfo</name>
         <value>0x1daa1</value>
         <object_component_ref idref="oc-215"/>
      </symbol>
      <symbol id="sm-821">
         <name>WDT_A_holdTimer</name>
         <value>0x1de81</value>
         <object_component_ref idref="oc-d3"/>
      </symbol>
      <symbol id="sm-82b">
         <name>CPU_wfi</name>
         <value>0x1df7f</value>
         <object_component_ref idref="oc-372"/>
      </symbol>
      <symbol id="sm-83c">
         <name>_c_int00</name>
         <value>0x1d9a9</value>
         <object_component_ref idref="oc-26"/>
      </symbol>
      <symbol id="sm-83d">
         <name>__stack</name>
         <value>0x2000fe00</value>
         <object_component_ref idref="oc-2f"/>
      </symbol>
      <symbol id="sm-854">
         <name>__TI_decompress_none</name>
         <value>0x1df19</value>
         <object_component_ref idref="oc-14"/>
      </symbol>
      <symbol id="sm-87c">
         <name>__TI_decompress_rle24</name>
         <value>0x1df79</value>
         <object_component_ref idref="oc-1a"/>
      </symbol>
      <symbol id="sm-89e">
         <name>C$$EXIT</name>
         <value>0x1d9fd</value>
         <object_component_ref idref="oc-6d"/>
      </symbol>
      <symbol id="sm-89f">
         <name>abort</name>
         <value>0x1da01</value>
         <object_component_ref idref="oc-6d"/>
      </symbol>
      <symbol id="sm-8a0">
         <name>exit</name>
         <value>0x1da09</value>
         <object_component_ref idref="oc-6d"/>
      </symbol>
      <symbol id="sm-8a1">
         <name>__TI_dtors_ptr</name>
         <value>0x200004f4</value>
         <object_component_ref idref="oc-b0"/>
      </symbol>
      <symbol id="sm-8a2">
         <name>__TI_cleanup_ptr</name>
         <value>0x200004f0</value>
         <object_component_ref idref="oc-b0"/>
      </symbol>
      <symbol id="sm-8a3">
         <name>__TI_enable_exit_profile_output</name>
         <value>0x200004f8</value>
         <object_component_ref idref="oc-b0"/>
      </symbol>
      <symbol id="sm-8be">
         <name>memcpy</name>
         <value>0x1d65d</value>
         <object_component_ref idref="oc-30"/>
      </symbol>
      <symbol id="sm-8bf">
         <name>__aeabi_memcpy</name>
         <value>0x1d65d</value>
         <object_component_ref idref="oc-30"/>
      </symbol>
      <symbol id="sm-8c0">
         <name>__aeabi_memcpy8</name>
         <value>0x1d65d</value>
         <object_component_ref idref="oc-30"/>
      </symbol>
      <symbol id="sm-8c1">
         <name>__aeabi_memcpy4</name>
         <value>0x1d65d</value>
         <object_component_ref idref="oc-30"/>
      </symbol>
      <symbol id="sm-8d0">
         <name>__aeabi_memset</name>
         <value>0x1d7ff</value>
         <object_component_ref idref="oc-49"/>
      </symbol>
      <symbol id="sm-8d1">
         <name>memset</name>
         <value>0x1d805</value>
         <object_component_ref idref="oc-49"/>
      </symbol>
      <symbol id="sm-8d2">
         <name>__aeabi_memset8</name>
         <value>0x1d7ff</value>
         <object_component_ref idref="oc-49"/>
      </symbol>
      <symbol id="sm-8d3">
         <name>__aeabi_memset4</name>
         <value>0x1d7ff</value>
         <object_component_ref idref="oc-49"/>
      </symbol>
      <symbol id="sm-8d4">
         <name>__aeabi_memclr8</name>
         <value>0x1d7fd</value>
         <object_component_ref idref="oc-49"/>
      </symbol>
      <symbol id="sm-8d5">
         <name>__aeabi_memclr4</name>
         <value>0x1d7fd</value>
         <object_component_ref idref="oc-49"/>
      </symbol>
      <symbol id="sm-8d6">
         <name>__aeabi_memclr</name>
         <value>0x1d7fd</value>
         <object_component_ref idref="oc-49"/>
      </symbol>
      <symbol id="sm-8e0">
         <name>__mpu_init</name>
         <value>0x1a427</value>
         <object_component_ref idref="oc-55"/>
      </symbol>
      <symbol id="sm-8ea">
         <name>_system_pre_init</name>
         <value>0x1df8b</value>
         <object_component_ref idref="oc-5b"/>
      </symbol>
      <symbol id="sm-8f2">
         <name>main_func_sp</name>
         <value>0x20000504</value>
         <object_component_ref idref="oc-73"/>
      </symbol>
      <symbol id="sm-90b">
         <name>_nop</name>
         <value>0x1dee7</value>
         <object_component_ref idref="oc-179"/>
      </symbol>
      <symbol id="sm-90c">
         <name>_lock</name>
         <value>0x200004fc</value>
         <object_component_ref idref="oc-b3"/>
      </symbol>
      <symbol id="sm-90d">
         <name>_unlock</name>
         <value>0x20000500</value>
         <object_component_ref idref="oc-b3"/>
      </symbol>
      <symbol id="sm-90e">
         <name>_register_lock</name>
         <value>0x1dedf</value>
         <object_component_ref idref="oc-179"/>
      </symbol>
      <symbol id="sm-90f">
         <name>_register_unlock</name>
         <value>0x1ded9</value>
         <object_component_ref idref="oc-179"/>
      </symbol>
      <symbol id="sm-923">
         <name>_args_main</name>
         <value>0x1de99</value>
         <object_component_ref idref="oc-67"/>
      </symbol>
      <symbol id="sm-948">
         <name>__TI_auto_init</name>
         <value>0x1d879</value>
         <object_component_ref idref="oc-61"/>
      </symbol>
      <symbol id="sm-962">
         <name>copy_in</name>
         <value>0x1db89</value>
         <object_component_ref idref="oc-9a"/>
      </symbol>
      <symbol id="sm-96c">
         <name>_system_post_cinit</name>
         <value>0x1ca3f</value>
         <object_component_ref idref="oc-a0"/>
      </symbol>
      <symbol id="sm-96d">
         <name>__TI_static_base__</name>
         <value>0x0</value>
      </symbol>
      <symbol id="sm-970">
         <name>SHT$$INIT_ARRAY$$Limit</name>
         <value>0x0</value>
      </symbol>
      <symbol id="sm-971">
         <name>SHT$$INIT_ARRAY$$Base</name>
         <value>0x0</value>
      </symbol>
      <symbol id="sm-972">
         <name>NMI_Handler</name>
         <value>0x1df33</value>
      </symbol>
      <symbol id="sm-973">
         <name>HardFault_Handler</name>
         <value>0x1df33</value>
      </symbol>
      <symbol id="sm-974">
         <name>MemManage_Handler</name>
         <value>0x1df33</value>
      </symbol>
      <symbol id="sm-975">
         <name>BusFault_Handler</name>
         <value>0x1df33</value>
      </symbol>
      <symbol id="sm-976">
         <name>UsageFault_Handler</name>
         <value>0x1df33</value>
      </symbol>
      <symbol id="sm-977">
         <name>SVC_Handler</name>
         <value>0x1df33</value>
      </symbol>
      <symbol id="sm-978">
         <name>DebugMon_Handler</name>
         <value>0x1df33</value>
      </symbol>
      <symbol id="sm-979">
         <name>PendSV_Handler</name>
         <value>0x1df33</value>
      </symbol>
      <symbol id="sm-97a">
         <name>SysTick_Handler</name>
         <value>0x1df33</value>
      </symbol>
      <symbol id="sm-97b">
         <name>PSS_IRQHandler</name>
         <value>0x1df33</value>
      </symbol>
      <symbol id="sm-97c">
         <name>CS_IRQHandler</name>
         <value>0x1df33</value>
      </symbol>
      <symbol id="sm-97d">
         <name>PCM_IRQHandler</name>
         <value>0x1df33</value>
      </symbol>
      <symbol id="sm-97e">
         <name>WDT_A_IRQHandler</name>
         <value>0x1df33</value>
      </symbol>
      <symbol id="sm-97f">
         <name>FPU_IRQHandler</name>
         <value>0x1df33</value>
      </symbol>
      <symbol id="sm-980">
         <name>FLCTL_IRQHandler</name>
         <value>0x1df33</value>
      </symbol>
      <symbol id="sm-981">
         <name>COMP_E0_IRQHandler</name>
         <value>0x1df33</value>
      </symbol>
      <symbol id="sm-982">
         <name>COMP_E1_IRQHandler</name>
         <value>0x1df33</value>
      </symbol>
      <symbol id="sm-983">
         <name>TA0_0_IRQHandler</name>
         <value>0x1df33</value>
      </symbol>
      <symbol id="sm-984">
         <name>TA0_N_IRQHandler</name>
         <value>0x1df33</value>
      </symbol>
      <symbol id="sm-985">
         <name>TA1_0_IRQHandler</name>
         <value>0x1df33</value>
      </symbol>
      <symbol id="sm-986">
         <name>TA1_N_IRQHandler</name>
         <value>0x1df33</value>
      </symbol>
      <symbol id="sm-987">
         <name>TA2_0_IRQHandler</name>
         <value>0x1df33</value>
      </symbol>
      <symbol id="sm-988">
         <name>TA2_N_IRQHandler</name>
         <value>0x1df33</value>
      </symbol>
      <symbol id="sm-989">
         <name>TA3_0_IRQHandler</name>
         <value>0x1df33</value>
      </symbol>
      <symbol id="sm-98a">
         <name>TA3_N_IRQHandler</name>
         <value>0x1df33</value>
      </symbol>
      <symbol id="sm-98b">
         <name>EUSCIA0_IRQHandler</name>
         <value>0x1df33</value>
      </symbol>
      <symbol id="sm-98c">
         <name>EUSCIA1_IRQHandler</name>
         <value>0x1df33</value>
      </symbol>
      <symbol id="sm-98d">
         <name>EUSCIA2_IRQHandler</name>
         <value>0x1df33</value>
      </symbol>
      <symbol id="sm-98e">
         <name>EUSCIA3_IRQHandler</name>
         <value>0x1df33</value>
      </symbol>
      <symbol id="sm-98f">
         <name>EUSCIB0_IRQHandler</name>
         <value>0x1df33</value>
      </symbol>
      <symbol id="sm-990">
         <name>EUSCIB1_IRQHandler</name>
         <value>0x1df33</value>
      </symbol>
      <symbol id="sm-991">
         <name>EUSCIB2_IRQHandler</name>
         <value>0x1df33</value>
      </symbol>
      <symbol id="sm-992">
         <name>EUSCIB3_IRQHandler</name>
         <value>0x1df33</value>
      </symbol>
      <symbol id="sm-993">
         <name>ADC14_IRQHandler</name>
         <value>0x1df33</value>
      </symbol>
      <symbol id="sm-994">
         <name>T32_INT1_IRQHandler</name>
         <value>0x1df33</value>
      </symbol>
      <symbol id="sm-995">
         <name>T32_INT2_IRQHandler</name>
         <value>0x1df33</value>
      </symbol>
      <symbol id="sm-996">
         <name>T32_INTC_IRQHandler</name>
         <value>0x1df33</value>
      </symbol>
      <symbol id="sm-997">
         <name>AES256_IRQHandler</name>
         <value>0x1df33</value>
      </symbol>
      <symbol id="sm-998">
         <name>RTC_C_IRQHandler</name>
         <value>0x1df33</value>
      </symbol>
      <symbol id="sm-999">
         <name>DMA_ERR_IRQHandler</name>
         <value>0x1df33</value>
      </symbol>
      <symbol id="sm-99a">
         <name>DMA_INT3_IRQHandler</name>
         <value>0x1df33</value>
      </symbol>
      <symbol id="sm-99b">
         <name>DMA_INT2_IRQHandler</name>
         <value>0x1df33</value>
      </symbol>
      <symbol id="sm-99c">
         <name>DMA_INT1_IRQHandler</name>
         <value>0x1df33</value>
      </symbol>
      <symbol id="sm-99d">
         <name>DMA_INT0_IRQHandler</name>
         <value>0x1df33</value>
      </symbol>
      <symbol id="sm-99e">
         <name>PORT1_IRQHandler</name>
         <value>0x1df33</value>
      </symbol>
      <symbol id="sm-99f">
         <name>PORT2_IRQHandler</name>
         <value>0x1df33</value>
      </symbol>
      <symbol id="sm-9a0">
         <name>PORT3_IRQHandler</name>
         <value>0x1df33</value>
      </symbol>
      <symbol id="sm-9a1">
         <name>PORT4_IRQHandler</name>
         <value>0x1df33</value>
      </symbol>
      <symbol id="sm-9a2">
         <name>PORT5_IRQHandler</name>
         <value>0x1df33</value>
      </symbol>
      <symbol id="sm-9a3">
         <name>PORT6_IRQHandler</name>
         <value>0x1df33</value>
      </symbol>
   </symbol_table>
   <title>Link successful</title>
</link_info>
