******************************************************************************
                  TI ARM Linker PC v15.12.3                    
******************************************************************************
>> Linked Sun Oct 02 19:38:15 2016

OUTPUT FILE NAME:   <MSP-EXP432P401R_GrLib_Example.out>
ENTRY POINT SYMBOL: "_c_int00"  address: 0001d9a9


MEMORY CONFIGURATION

         name            origin    length      used     unused   attr    fill
----------------------  --------  ---------  --------  --------  ----  --------
  MAIN                  00000000   00040000  0001e002  00021ffe  R  X
  INFO                  00200000   00004000  00000000  00004000  R  X
  SRAM_CODE             01000000   00010000  0000070d  0000f8f3  RW X
  SRAM_DATA             20000000   00010000  0000070d  0000f8f3  RW  


SEGMENT ALLOCATION MAP

run origin  load origin   length   init length attrs members
----------  ----------- ---------- ----------- ----- -------
00000000    00000000    0001e004   0001e004    r-x
  00000000    00000000    000000e4   000000e4    r-- .intvecs
  000000e4    000000e4    0001913c   0001913c    r-- .const
  00019220    00019220    00004d6e   00004d6e    r-x .text
  0001df90    0001df90    00000074   00000074    r-- .cinit
20000000    20000000    0000050d   00000000    rw-
  20000000    20000000    000004c0   00000000    rw- .bss
  200004c0    200004c0    0000004d   00000000    rw- .data
2000fe00    2000fe00    00000200   00000000    rw-
  2000fe00    2000fe00    00000200   00000000    rw- .stack


SECTION ALLOCATION MAP

 output                                  attributes/
section   page    origin      length       input sections
--------  ----  ----------  ----------   ----------------
.intvecs   0    00000000    000000e4     
                  00000000    000000e4     startup_msp432p401r_ccs.obj (.intvecs:retain)

.binit     0    00000000    00000000     

.const     0    000000e4    0001913c     
                  000000e4    00012c00     lcd_color_320x240.obj (.const:.string:pixel_lcd_color_320x2408BPP_UNCOMP)
                  00012ce4    000017a2     Images_Button.obj (.const:.string:pixel_Images_Button4BPP_UNCOMP)
                  00014486    000017a2     Primitives_Button.obj (.const:.string:pixel_Primitives_Button4BPP_UNCOMP)
                  00015c28    0000173e     TI_platform_bar_red.obj (.const:.string:pixel_TI_platform_bar_red4BPP_UNCOMP)
                  00017366    00000890     fontcmss20b.obj (.const:.string:g_pucCmss20bData)
                  00017bf6    0000086e     fontcm18.obj (.const:.string:g_pucCm18Data)
                  00018464    000006b4     TI_logo_150x150.obj (.const:.string:pixel_TI_logo_150x1501BPP_COMP_RLE4)
                  00018b18    00000400     lcd_color_320x240.obj (.const:palette_lcd_color_320x2408BPP_UNCOMP)
                  00018f18    000000c8     fontcm18.obj (.const:g_sFontCm18)
                  00018fe0    000000c8     fontcmss20b.obj (.const:g_sFontCmss20b)
                  000190a8    00000040     Images_Button.obj (.const:palette_Images_Button4BPP_UNCOMP)
                  000190e8    00000040     Primitives_Button.obj (.const:palette_Primitives_Button4BPP_UNCOMP)
                  00019128    00000040     TI_platform_bar_red.obj (.const:palette_TI_platform_bar_red4BPP_UNCOMP)
                  00019168    0000002c     kitronix320x240x16_ssd2119_spi.obj (.const:g_sKitronix320x240x16_SSD2119)
                  00019194    0000001c     HAL_MSP_EXP432P401R_KITRONIX320X240_SSD2119_SPI.obj (.const:$P$T0$1)
                  000191b0    00000010     Images_Button.obj (.const:Images_Button4BPP_UNCOMP)
                  000191c0    00000010     Primitives_Button.obj (.const:Primitives_Button4BPP_UNCOMP)
                  000191d0    00000010     TI_logo_150x150.obj (.const:TI_logo_150x1501BPP_COMP_RLE4)
                  000191e0    00000010     TI_platform_bar_red.obj (.const:TI_platform_bar_red4BPP_UNCOMP)
                  000191f0    00000010     lcd_color_320x240.obj (.const:lcd_color_320x2408BPP_UNCOMP)
                  00019200    00000008     main.obj (.const:$P$T0$1)
                  00019208    00000008     main.obj (.const:$P$T1$2)
                  00019210    00000008     main.obj (.const:$P$T2$3)
                  00019218    00000008     TI_logo_150x150.obj (.const:palette_TI_logo_150x1501BPP_COMP_RLE4)

.text      0    00019220    00004d6e     
                  00019220    00000a48     main.obj (.text)
                  00019c68    000007be     kitronix320x240x16_ssd2119_spi.obj (.text)
                  0001a426    00000002     rtsv7M4_T_le_v4SPD16_eabi.lib : mpu_init.obj (.text)
                  0001a428    00000704     touch_P401R.obj (.text)
                  0001ab2c    00000630     string.obj (.text)
                  0001b15c    00000498     circle.obj (.text)
                  0001b5f4    00000490     line.obj (.text)
                  0001ba84    00000452     image.obj (.text)
                  0001bed6    0000033e     rectangle.obj (.text)
                  0001c214    0000032c     system_msp432p401r.obj (.text)
                  0001c540    00000298     button.obj (.text)
                  0001c7d8    00000266     context.obj (.text)
                  0001ca3e    00000002     rtsv7M4_T_le_v4SPD16_eabi.lib : startup.obj (.text)
                  0001ca40    00000250     imageButton.obj (.text)
                  0001cc90    000001a0     HAL_MSP_EXP432P401R_KITRONIX320X240_SSD2119_SPI.obj (.text)
                  0001ce30    000001a0     msp432p4xx_driverlib.lib : pcm.o (.text:__PCM_setPowerStateAdvanced)
                  0001cfd0    0000014c                              : cs.o (.text:CS_setDCOFrequency)
                  0001d11c    00000134     display.obj (.text)
                  0001d250    00000104     msp432p4xx_driverlib.lib : cs.o (.text:CS_getDCOFrequency)
                  0001d354    000000e0                              : cs.o (.text:CS_initClockSignal)
                  0001d434    000000dc                              : pcm.o (.text:__PCM_setPowerModeAdvanced)
                  0001d510    000000b0                              : pcm.o (.text:__PCM_setCoreVoltageLevelAdvanced)
                  0001d5c0    0000009c                              : cs.o (.text:_CSComputeCLKFrequency)
                  0001d65c    0000009c     rtsv7M4_T_le_v4SPD16_eabi.lib : memcpy_t2.obj (.text)
                  0001d6f8    00000088     msp432p4xx_driverlib.lib : spi.o (.text:SPI_initMaster)
                  0001d780    0000007c                              : pcm.o (.text:PCM_gotoLPM3)
                  0001d7fc    0000007a     rtsv7M4_T_le_v4SPD16_eabi.lib : memset_t2.obj (.text)
                  0001d876    00000002     --HOLE-- [fill = 0]
                  0001d878    00000070                                   : autoinit.obj (.text)
                  0001d8e8    0000006a                                   : copy_decompress_rle.obj (.text)
                  0001d952    00000002     --HOLE-- [fill = 0]
                  0001d954    00000054     msp432p4xx_driverlib.lib : cs.o (.text:CS_tuneDCOFrequency)
                  0001d9a8    00000054     rtsv7M4_T_le_v4SPD16_eabi.lib : boot.obj (.text)
                  0001d9fc    00000054                                   : exit.obj (.text)
                  0001da50    00000050     msp432p4xx_driverlib.lib : pcm.o (.text:PCM_shutdownDevice)
                  0001daa0    00000050                              : sysctl.o (.text:SysCtl_getTLVInfo)
                  0001daf0    0000004c                              : gpio.o (.text:GPIO_setAsPeripheralModuleFunctionOutputPin)
                  0001db3c    0000004c                              : cs.o (.text:_CSGetDOCFrequency)
                  0001db88    0000004c     rtsv7M4_T_le_v4SPD16_eabi.lib : cpy_tbl.obj (.text)
                  0001dbd4    00000048     msp432p4xx_driverlib.lib : cs.o (.text:_CSGetDividerValue)
                  0001dc1c    00000030                              : spi.o (.text:is_A_Module)
                  0001dc4c    0000002c                              : pcm.o (.text:PCM_getCoreVoltageLevel)
                  0001dc78    0000002a                              : pcm.o (.text:PCM_getPowerMode)
                  0001dca2    00000002     --HOLE-- [fill = 0]
                  0001dca4    00000028                              : flash.o (.text:FlashCtl_setWaitState)
                  0001dccc    00000028                              : pcm.o (.text:PCM_gotoLPM0)
                  0001dcf4    00000024                              : cs.o (.text:CS_clearInterruptFlag)
                  0001dd18    00000024                              : cs.o (.text:CS_setDCOCenteredFrequency)
                  0001dd3c    00000024                              : gpio.o (.text:GPIO_setAsOutputPin)
                  0001dd60    00000024                              : rtc_c.o (.text:RTC_C_holdClock)
                  0001dd84    00000020                              : spi.o (.text:SPI_clearInterruptFlag)
                  0001dda4    00000020                              : spi.o (.text:SPI_getInterruptStatus)
                  0001ddc4    00000020                              : spi.o (.text:SPI_transmitData)
                  0001dde4    0000001c                              : spi.o (.text:EUSCI_A_SPI_isBusy)
                  0001de00    0000001c                              : spi.o (.text:EUSCI_B_SPI_isBusy)
                  0001de1c    0000001a                              : spi.o (.text:SPI_enableModule)
                  0001de36    0000001a                              : spi.o (.text:SPI_isBusy)
                  0001de50    00000018                              : cs.o (.text:CS_getSMCLK)
                  0001de68    00000018                              : gpio.o (.text:GPIO_setOutputLowOnPin)
                  0001de80    00000018                              : wdt_a.o (.text:WDT_A_holdTimer)
                  0001de98    00000018     rtsv7M4_T_le_v4SPD16_eabi.lib : args_main.obj (.text)
                  0001deb0    00000014     msp432p4xx_driverlib.lib : fpu.o (.text:FPU_enableModule)
                  0001dec4    00000014                              : gpio.o (.text:GPIO_setOutputHighOnPin)
                  0001ded8    00000014     rtsv7M4_T_le_v4SPD16_eabi.lib : _lock.obj (.text)
                  0001deec    00000010     msp432p4xx_driverlib.lib : pcm.o (.text:PCM_gotoLPM4)
                  0001defc    0000000e                              : spi.o (.text:EUSCI_A_SPI_clearInterruptFlag)
                  0001df0a    0000000e                              : spi.o (.text:EUSCI_B_SPI_clearInterruptFlag)
                  0001df18    0000000e     rtsv7M4_T_le_v4SPD16_eabi.lib : copy_decompress_none.obj (.text:decompress:none)
                  0001df26    0000000e     startup_msp432p401r_ccs.obj (.text)
                  0001df34    0000000c     msp432p4xx_driverlib.lib : spi.o (.text:EUSCI_A_SPI_enable)
                  0001df40    0000000c                              : spi.o (.text:EUSCI_B_SPI_enable)
                  0001df4c    0000000c                              : pcm.o (.text:PCM_getPowerState)
                  0001df58    00000008                              : spi.o (.text:EUSCI_A_SPI_getInterruptStatus)
                  0001df60    00000008                              : spi.o (.text:EUSCI_B_SPI_getInterruptStatus)
                  0001df68    00000008                              : pcm.o (.text:PCM_setPowerMode)
                  0001df70    00000008                              : pcm.o (.text:PCM_setPowerState)
                  0001df78    00000006     rtsv7M4_T_le_v4SPD16_eabi.lib : copy_decompress_rle.obj (.text:decompress:rle24)
                  0001df7e    00000004     msp432p4xx_driverlib.lib : cpu.o (.text:CPU_wfi)
                  0001df82    00000004                              : spi.o (.text:EUSCI_A_SPI_transmitData)
                  0001df86    00000004                              : spi.o (.text:EUSCI_B_SPI_transmitData)
                  0001df8a    00000004     rtsv7M4_T_le_v4SPD16_eabi.lib : pre_init.obj (.text)

.cinit     0    0001df90    00000074     
                  0001df90    0000004a     (.cinit..data.load) [load image, compression = rle]
                  0001dfda    00000006     --HOLE-- [fill = 0]
                  0001dfe0    0000000b     (.cinit..bss.load) [load image, compression = rle]
                  0001dfeb    00000001     --HOLE-- [fill = 0]
                  0001dfec    00000008     (__TI_handler_table)
                  0001dff4    00000010     (__TI_cinit_table)

.init_array 
*          0    00000000    00000000     UNINITIALIZED

.bss       0    20000000    000004c0     UNINITIALIZED
                  20000000    00000400     image.obj (.bss:g_pulConvertedPalette)
                  20000400    0000002c     (.common:noButton)
                  2000042c    0000002c     (.common:yesButton)
                  20000458    0000001c     (.common:g_sContext)
                  20000474    00000018     (.common:imageButton)
                  2000048c    00000018     (.common:primitiveButton)
                  200004a4    0000000c     touch_P401R.obj (.bss:touch_calibrationData)
                  200004b0    00000006     (.common:g_sTouchContext)
                  200004b6    00000002     --HOLE--
                  200004b8    00000004     (.common:hfxtFreq)
                  200004bc    00000004     (.common:lfxtFreq)

.data      0    200004c0    0000004d     UNINITIALIZED
                  200004c0    00000030     msp432p4xx_driverlib.lib : gpio.o (.data:GPIO_PORT_TO_BASE)
                  200004f0    0000000c     rtsv7M4_T_le_v4SPD16_eabi.lib : exit.obj (.data:$O1$$)
                  200004fc    00000008                                   : _lock.obj (.data:$O1$$)
                  20000504    00000004                                   : stkdepth_vars.obj (.data)
                  20000508    00000004     system_msp432p401r.obj (.data)
                  2000050c    00000001     main.obj (.data)

.stack     0    2000fe00    00000200     UNINITIALIZED
                  2000fe00    00000200     --HOLE--

MODULE SUMMARY

       Module                                                code    ro data   rw data
       ------                                                ----    -------   -------
    .\
       main.obj                                              2632    24        342    
       touch_P401R.obj                                       1796    0         24     
       system_msp432p401r.obj                                812     0         8      
       startup_msp432p401r_ccs.obj                           14      228       0      
    +--+-----------------------------------------------------+-------+---------+---------+
       Total:                                                5254    252       374    
                                                                                      
    .\GrLib\fonts\
       fontcmss20b.obj                                       0       2392      0      
       fontcm18.obj                                          0       2358      0      
    +--+-----------------------------------------------------+-------+---------+---------+
       Total:                                                0       4750      0      
                                                                                      
    .\GrLib\grlib\
       image.obj                                             1106    0         2048   
       string.obj                                            1584    0         0      
       circle.obj                                            1176    0         0      
       line.obj                                              1168    0         0      
       rectangle.obj                                         830     0         0      
       button.obj                                            664     0         0      
       context.obj                                           614     0         0      
       imageButton.obj                                       592     0         0      
       display.obj                                           308     0         0      
    +--+-----------------------------------------------------+-------+---------+---------+
       Total:                                                8042    0         2048   
                                                                                      
    .\LcdDriver\LcdDriver\
       kitronix320x240x16_ssd2119_spi.obj                    1982    44        0      
       HAL_MSP_EXP432P401R_KITRONIX320X240_SSD2119_SPI.obj   416     28        0      
    +--+-----------------------------------------------------+-------+---------+---------+
       Total:                                                2398    72        0      
                                                                                      
    .\images\
       lcd_color_320x240.obj                                 0       77840     0      
       Images_Button.obj                                     0       6130      0      
       Primitives_Button.obj                                 0       6130      0      
       TI_platform_bar_red.obj                               0       6030      0      
       TI_logo_150x150.obj                                   0       1740      0      
    +--+-----------------------------------------------------+-------+---------+---------+
       Total:                                                0       97870     0      
                                                                                      
    C:/ti/MSP432Ware_3_50_00_02/grlib/driverlib/MSP432P4xx/ccs/msp432p4xx_driverlib.lib
       cs.o                                                  1300    0         16     
       pcm.o                                                 1186    0         0      
       spi.o                                                 464     0         0      
       gpio.o                                                156     0         96     
       sysctl.o                                              80      0         0      
       flash.o                                               40      0         0      
       rtc_c.o                                               36      0         0      
       wdt_a.o                                               24      0         0      
       fpu.o                                                 20      0         0      
       cpu.o                                                 4       0         0      
    +--+-----------------------------------------------------+-------+---------+---------+
       Total:                                                3310    0         112    
                                                                                      
    C:\ti\ccsv6\tools\compiler\arm_15.12.3.LTS\lib\rtsv7M4_T_le_v4SPD16_eabi.lib
       memcpy_t2.obj                                         156     0         0      
       memset_t2.obj                                         122     0         0      
       autoinit.obj                                          112     0         0      
       copy_decompress_rle.obj                               112     0         0      
       exit.obj                                              84      0         24     
       boot.obj                                              84      0         0      
       cpy_tbl.obj                                           76      0         0      
       _lock.obj                                             20      0         16     
       args_main.obj                                         24      0         0      
       copy_decompress_none.obj                              14      0         0      
       stkdepth_vars.obj                                     0       0         8      
       pre_init.obj                                          4       0         0      
       mpu_init.obj                                          2       0         0      
       startup.obj                                           2       0         0      
    +--+-----------------------------------------------------+-------+---------+---------+
       Total:                                                812     0         48     
                                                                                      
       Stack:                                                0       0         1024   
       Linker Generated:                                     0       109       0      
    +--+-----------------------------------------------------+-------+---------+---------+
       Grand Total:                                          19816   103053    3606   


LINKER GENERATED COPY TABLES

__TI_cinit_table @ 0001dff4 records: 2, size/record: 8, table size: 16
	.data: load addr=0001df90, load size=0000004a bytes, run addr=200004c0, run size=0000004d bytes, compression=rle
	.bss: load addr=0001dfe0, load size=0000000b bytes, run addr=20000000, run size=000004c0 bytes, compression=rle


LINKER GENERATED HANDLER TABLE

__TI_handler_table @ 0001dfec records: 2, size/record: 4, table size: 8
	index: 0, handler: __TI_decompress_rle24
	index: 1, handler: __TI_decompress_none


GLOBAL SYMBOLS: SORTED ALPHABETICALLY BY Name 

address   name                                       
-------   ----                                       
0001df33  ADC14_IRQHandler                           
0001df33  AES256_IRQHandler                          
0001df33  BusFault_Handler                           
0001d9fd  C$$EXIT                                    
0001df33  COMP_E0_IRQHandler                         
0001df33  COMP_E1_IRQHandler                         
0001df7f  CPU_wfi                                    
0001df33  CS_IRQHandler                              
0001dcf5  CS_clearInterruptFlag                      
0001d251  CS_getDCOFrequency                         
0001de51  CS_getSMCLK                                
0001d355  CS_initClockSignal                         
0001dd19  CS_setDCOCenteredFrequency                 
0001cfd1  CS_setDCOFrequency                         
0001d955  CS_tuneDCOFrequency                        
0001df33  DMA_ERR_IRQHandler                         
0001df33  DMA_INT0_IRQHandler                        
0001df33  DMA_INT1_IRQHandler                        
0001df33  DMA_INT2_IRQHandler                        
0001df33  DMA_INT3_IRQHandler                        
0001df33  DebugMon_Handler                           
0001df33  Default_Handler                            
00019ba1  Delay                                      
0001df33  EUSCIA0_IRQHandler                         
0001df33  EUSCIA1_IRQHandler                         
0001df33  EUSCIA2_IRQHandler                         
0001df33  EUSCIA3_IRQHandler                         
0001df33  EUSCIB0_IRQHandler                         
0001df33  EUSCIB1_IRQHandler                         
0001df33  EUSCIB2_IRQHandler                         
0001df33  EUSCIB3_IRQHandler                         
0001defd  EUSCI_A_SPI_clearInterruptFlag             
0001df35  EUSCI_A_SPI_enable                         
0001df59  EUSCI_A_SPI_getInterruptStatus             
0001dde5  EUSCI_A_SPI_isBusy                         
0001df83  EUSCI_A_SPI_transmitData                   
0001df0b  EUSCI_B_SPI_clearInterruptFlag             
0001df41  EUSCI_B_SPI_enable                         
0001df61  EUSCI_B_SPI_getInterruptStatus             
0001de01  EUSCI_B_SPI_isBusy                         
0001df87  EUSCI_B_SPI_transmitData                   
0001df33  FLCTL_IRQHandler                           
0001df33  FPU_IRQHandler                             
0001deb1  FPU_enableModule                           
0001dca5  FlashCtl_setWaitState                      
0001dd3d  GPIO_setAsOutputPin                        
0001daf1  GPIO_setAsPeripheralModuleFunctionOutputPin
0001dec5  GPIO_setOutputHighOnPin                    
0001de69  GPIO_setOutputLowOnPin                     
0001c9c5  Graphics_clearDisplay                      
0001d239  Graphics_clearDisplayOnDisplay             
0001c541  Graphics_drawButton                        
0001b15d  Graphics_drawCircle                        
0001d18b  Graphics_drawHorizontalLineOnDisplay       
0001baf1  Graphics_drawImage                         
0001ca41  Graphics_drawImageButton                   
0001b911  Graphics_drawLine                          
0001b5f5  Graphics_drawLineH                         
0001b691  Graphics_drawLineV                         
0001d147  Graphics_drawMultiplePixelsOnDisplay       
0001c9d7  Graphics_drawPixel                         
0001d11d  Graphics_drawPixelOnDisplay                
0001bed7  Graphics_drawRectangle                     
0001c729  Graphics_drawReleasedButton                
0001cbe9  Graphics_drawReleasedImageButton           
0001c685  Graphics_drawSelectedButton                
0001cb4f  Graphics_drawSelectedImageButton           
0001ac67  Graphics_drawString                        
0001b0f5  Graphics_drawStringCentered                
0001d1bf  Graphics_drawVerticalLineOnDisplay         
0001b3cb  Graphics_fillCircle                        
0001bf79  Graphics_fillRectangle                     
0001d1f3  Graphics_fillRectangleOnDisplay            
0001c9b7  Graphics_flushBuffer                       
0001d227  Graphics_flushOnDisplay                    
0001c999  Graphics_getDisplayHeight                  
0001c989  Graphics_getDisplayWidth                   
0001c937  Graphics_getFontBaseline                   
0001c96d  Graphics_getFontHeight                     
0001c97b  Graphics_getFontMaxWidth                   
0001c9a9  Graphics_getHeightOfDisplay                
0001be45  Graphics_getImageColors                    
0001be53  Graphics_getImageHeight                    
0001be61  Graphics_getImageWidth                     
0001beb9  Graphics_getOffScreen8BPPSize              
0001be6f  Graphics_getOffscreen1BppImageSize         
0001be95  Graphics_getOffscreen4BppImageSize         
0001c0dd  Graphics_getRectangleIntersection          
0001b0e5  Graphics_getStringBaseline                 
0001b13d  Graphics_getStringHeight                   
0001b14d  Graphics_getStringMaxWidth                 
0001ab6d  Graphics_getStringWidth                    
0001ca31  Graphics_getWidthOfDisplay                 
0001c7d9  Graphics_initContext                       
0001c63b  Graphics_isButtonSelected                  
0001caed  Graphics_isImageButtonSelected             
0001c1c3  Graphics_isPointWithinRectangle            
0001c08b  Graphics_isRectangleOverlap                
0001c8ed  Graphics_setBackgroundColor                
0001c907  Graphics_setBackgroundColorTranslated      
0001c823  Graphics_setClipRegion                     
0001c91d  Graphics_setFont                           
0001c945  Graphics_setForegroundColor                
0001c95b  Graphics_setForegroundColorTranslated      
0001d211  Graphics_translateColorOnDisplay           
0001cde9  HAL_LCD_delay                              
0001cdd3  HAL_LCD_deselectLCD                        
0001cc91  HAL_LCD_initLCD                            
0001cdbd  HAL_LCD_selectLCD                          
0001cd3d  HAL_LCD_writeCommand                       
0001cd73  HAL_LCD_writeData                          
0001df33  HardFault_Handler                          
000191b0  Images_Button4BPP_UNCOMP                   
00019c69  Kitronix320x240x16_SSD2119Init             
0001a10b  Kitronix320x240x16_SSD2119LineDraw         
00019e23  Kitronix320x240x16_SSD2119_setCursorLtoR   
00019e6d  Kitronix320x240x16_SSD2119_setCursorTtoB   
0001df33  MemManage_Handler                          
0001df33  NMI_Handler                                
0001df33  PCM_IRQHandler                             
0001dc4d  PCM_getCoreVoltageLevel                    
0001dc79  PCM_getPowerMode                           
0001df4d  PCM_getPowerState                          
0001dccd  PCM_gotoLPM0                               
0001d781  PCM_gotoLPM3                               
0001deed  PCM_gotoLPM4                               
0001df69  PCM_setPowerMode                           
0001df71  PCM_setPowerState                          
0001da51  PCM_shutdownDevice                         
0001df33  PORT1_IRQHandler                           
0001df33  PORT2_IRQHandler                           
0001df33  PORT3_IRQHandler                           
0001df33  PORT4_IRQHandler                           
0001df33  PORT5_IRQHandler                           
0001df33  PORT6_IRQHandler                           
0001df33  PSS_IRQHandler                             
0001df33  PendSV_Handler                             
000191c0  Primitives_Button4BPP_UNCOMP               
0001df33  RTC_C_IRQHandler                           
0001dd61  RTC_C_holdClock                            
0001df27  Reset_Handler                              
UNDEFED   SHT$$INIT_ARRAY$$Base                      
UNDEFED   SHT$$INIT_ARRAY$$Limit                     
0001dd85  SPI_clearInterruptFlag                     
0001de1d  SPI_enableModule                           
0001dda5  SPI_getInterruptStatus                     
0001d6f9  SPI_initMaster                             
0001de37  SPI_isBusy                                 
0001ddc5  SPI_transmitData                           
0001df33  SVC_Handler                                
0001daa1  SysCtl_getTLVInfo                          
0001df33  SysTick_Handler                            
20000508  SystemCoreClock                            
0001c215  SystemCoreClockUpdate                      
0001c489  SystemInit                                 
0001df33  T32_INT1_IRQHandler                        
0001df33  T32_INT2_IRQHandler                        
0001df33  T32_INTC_IRQHandler                        
0001df33  TA0_0_IRQHandler                           
0001df33  TA0_N_IRQHandler                           
0001df33  TA1_0_IRQHandler                           
0001df33  TA1_N_IRQHandler                           
0001df33  TA2_0_IRQHandler                           
0001df33  TA2_N_IRQHandler                           
0001df33  TA3_0_IRQHandler                           
0001df33  TA3_N_IRQHandler                           
000191d0  TI_logo_150x1501BPP_COMP_RLE4              
000191e0  TI_platform_bar_red4BPP_UNCOMP             
0001df33  UsageFault_Handler                         
4000480c  WDTCTL_SYM                                 
0001df33  WDT_A_IRQHandler                           
0001de81  WDT_A_holdTimer                            
20010000  __STACK_END                                
00000200  __STACK_SIZE                               
0001dff4  __TI_CINIT_Base                            
0001e004  __TI_CINIT_Limit                           
0001dfec  __TI_Handler_Table_Base                    
0001dff4  __TI_Handler_Table_Limit                   
0001d879  __TI_auto_init                             
200004f0  __TI_cleanup_ptr                           
0001df19  __TI_decompress_none                       
0001df79  __TI_decompress_rle24                      
200004f4  __TI_dtors_ptr                             
200004f8  __TI_enable_exit_profile_output            
ffffffff  __TI_pprof_out_hndl                        
ffffffff  __TI_prof_data_size                        
ffffffff  __TI_prof_data_start                       
00000000  __TI_static_base__                         
0001d7fd  __aeabi_memclr                             
0001d7fd  __aeabi_memclr4                            
0001d7fd  __aeabi_memclr8                            
0001d65d  __aeabi_memcpy                             
0001d65d  __aeabi_memcpy4                            
0001d65d  __aeabi_memcpy8                            
0001d7ff  __aeabi_memset                             
0001d7ff  __aeabi_memset4                            
0001d7ff  __aeabi_memset8                            
ffffffff  __binit__                                  
ffffffff  __c_args__                                 
0001a427  __mpu_init                                 
2000fe00  __stack                                    
0001de99  _args_main                                 
0001d9a9  _c_int00                                   
200004fc  _lock                                      
0001dee7  _nop                                       
0001dedf  _register_lock                             
0001ded9  _register_unlock                           
0001ca3f  _system_post_cinit                         
0001df8b  _system_pre_init                           
20000500  _unlock                                    
0001da01  abort                                      
ffffffff  binit                                      
00019b4d  boardInit                                  
00019b55  clockInit                                  
0001db89  copy_in                                    
000193f9  drawMainMenu                               
00019a8d  drawRestarDemo                             
0001da09  exit                                       
2000050c  g_ranDemo                                  
20000458  g_sContext                                 
00018f18  g_sFontCm18                                
00018fe0  g_sFontCmss20b                             
00019168  g_sKitronix320x240x16_SSD2119              
200004b0  g_sTouchContext                            
20000474  imageButton                                
000192bb  initializeDemoButtons                      
00000000  interruptVectors                           
000191f0  lcd_color_320x2408BPP_UNCOMP               
00019221  main                                       
20000504  main_func_sp                               
0001d65d  memcpy                                     
0001d805  memset                                     
20000400  noButton                                   
2000048c  primitiveButton                            
000199bb  runImagesDemo                              
00019571  runPrimitivesDemo                          
0001a985  touch_calibrate                            
0001a453  touch_initInterface                        
0001a7e5  touch_updateCurrentTouch                   
2000042c  yesButton                                  


GLOBAL SYMBOLS: SORTED BY Symbol Address 

address   name                                       
-------   ----                                       
00000000  __TI_static_base__                         
00000000  interruptVectors                           
00000200  __STACK_SIZE                               
00018f18  g_sFontCm18                                
00018fe0  g_sFontCmss20b                             
00019168  g_sKitronix320x240x16_SSD2119              
000191b0  Images_Button4BPP_UNCOMP                   
000191c0  Primitives_Button4BPP_UNCOMP               
000191d0  TI_logo_150x1501BPP_COMP_RLE4              
000191e0  TI_platform_bar_red4BPP_UNCOMP             
000191f0  lcd_color_320x2408BPP_UNCOMP               
00019221  main                                       
000192bb  initializeDemoButtons                      
000193f9  drawMainMenu                               
00019571  runPrimitivesDemo                          
000199bb  runImagesDemo                              
00019a8d  drawRestarDemo                             
00019b4d  boardInit                                  
00019b55  clockInit                                  
00019ba1  Delay                                      
00019c69  Kitronix320x240x16_SSD2119Init             
00019e23  Kitronix320x240x16_SSD2119_setCursorLtoR   
00019e6d  Kitronix320x240x16_SSD2119_setCursorTtoB   
0001a10b  Kitronix320x240x16_SSD2119LineDraw         
0001a427  __mpu_init                                 
0001a453  touch_initInterface                        
0001a7e5  touch_updateCurrentTouch                   
0001a985  touch_calibrate                            
0001ab6d  Graphics_getStringWidth                    
0001ac67  Graphics_drawString                        
0001b0e5  Graphics_getStringBaseline                 
0001b0f5  Graphics_drawStringCentered                
0001b13d  Graphics_getStringHeight                   
0001b14d  Graphics_getStringMaxWidth                 
0001b15d  Graphics_drawCircle                        
0001b3cb  Graphics_fillCircle                        
0001b5f5  Graphics_drawLineH                         
0001b691  Graphics_drawLineV                         
0001b911  Graphics_drawLine                          
0001baf1  Graphics_drawImage                         
0001be45  Graphics_getImageColors                    
0001be53  Graphics_getImageHeight                    
0001be61  Graphics_getImageWidth                     
0001be6f  Graphics_getOffscreen1BppImageSize         
0001be95  Graphics_getOffscreen4BppImageSize         
0001beb9  Graphics_getOffScreen8BPPSize              
0001bed7  Graphics_drawRectangle                     
0001bf79  Graphics_fillRectangle                     
0001c08b  Graphics_isRectangleOverlap                
0001c0dd  Graphics_getRectangleIntersection          
0001c1c3  Graphics_isPointWithinRectangle            
0001c215  SystemCoreClockUpdate                      
0001c489  SystemInit                                 
0001c541  Graphics_drawButton                        
0001c63b  Graphics_isButtonSelected                  
0001c685  Graphics_drawSelectedButton                
0001c729  Graphics_drawReleasedButton                
0001c7d9  Graphics_initContext                       
0001c823  Graphics_setClipRegion                     
0001c8ed  Graphics_setBackgroundColor                
0001c907  Graphics_setBackgroundColorTranslated      
0001c91d  Graphics_setFont                           
0001c937  Graphics_getFontBaseline                   
0001c945  Graphics_setForegroundColor                
0001c95b  Graphics_setForegroundColorTranslated      
0001c96d  Graphics_getFontHeight                     
0001c97b  Graphics_getFontMaxWidth                   
0001c989  Graphics_getDisplayWidth                   
0001c999  Graphics_getDisplayHeight                  
0001c9a9  Graphics_getHeightOfDisplay                
0001c9b7  Graphics_flushBuffer                       
0001c9c5  Graphics_clearDisplay                      
0001c9d7  Graphics_drawPixel                         
0001ca31  Graphics_getWidthOfDisplay                 
0001ca3f  _system_post_cinit                         
0001ca41  Graphics_drawImageButton                   
0001caed  Graphics_isImageButtonSelected             
0001cb4f  Graphics_drawSelectedImageButton           
0001cbe9  Graphics_drawReleasedImageButton           
0001cc91  HAL_LCD_initLCD                            
0001cd3d  HAL_LCD_writeCommand                       
0001cd73  HAL_LCD_writeData                          
0001cdbd  HAL_LCD_selectLCD                          
0001cdd3  HAL_LCD_deselectLCD                        
0001cde9  HAL_LCD_delay                              
0001cfd1  CS_setDCOFrequency                         
0001d11d  Graphics_drawPixelOnDisplay                
0001d147  Graphics_drawMultiplePixelsOnDisplay       
0001d18b  Graphics_drawHorizontalLineOnDisplay       
0001d1bf  Graphics_drawVerticalLineOnDisplay         
0001d1f3  Graphics_fillRectangleOnDisplay            
0001d211  Graphics_translateColorOnDisplay           
0001d227  Graphics_flushOnDisplay                    
0001d239  Graphics_clearDisplayOnDisplay             
0001d251  CS_getDCOFrequency                         
0001d355  CS_initClockSignal                         
0001d65d  __aeabi_memcpy                             
0001d65d  __aeabi_memcpy4                            
0001d65d  __aeabi_memcpy8                            
0001d65d  memcpy                                     
0001d6f9  SPI_initMaster                             
0001d781  PCM_gotoLPM3                               
0001d7fd  __aeabi_memclr                             
0001d7fd  __aeabi_memclr4                            
0001d7fd  __aeabi_memclr8                            
0001d7ff  __aeabi_memset                             
0001d7ff  __aeabi_memset4                            
0001d7ff  __aeabi_memset8                            
0001d805  memset                                     
0001d879  __TI_auto_init                             
0001d955  CS_tuneDCOFrequency                        
0001d9a9  _c_int00                                   
0001d9fd  C$$EXIT                                    
0001da01  abort                                      
0001da09  exit                                       
0001da51  PCM_shutdownDevice                         
0001daa1  SysCtl_getTLVInfo                          
0001daf1  GPIO_setAsPeripheralModuleFunctionOutputPin
0001db89  copy_in                                    
0001dc4d  PCM_getCoreVoltageLevel                    
0001dc79  PCM_getPowerMode                           
0001dca5  FlashCtl_setWaitState                      
0001dccd  PCM_gotoLPM0                               
0001dcf5  CS_clearInterruptFlag                      
0001dd19  CS_setDCOCenteredFrequency                 
0001dd3d  GPIO_setAsOutputPin                        
0001dd61  RTC_C_holdClock                            
0001dd85  SPI_clearInterruptFlag                     
0001dda5  SPI_getInterruptStatus                     
0001ddc5  SPI_transmitData                           
0001dde5  EUSCI_A_SPI_isBusy                         
0001de01  EUSCI_B_SPI_isBusy                         
0001de1d  SPI_enableModule                           
0001de37  SPI_isBusy                                 
0001de51  CS_getSMCLK                                
0001de69  GPIO_setOutputLowOnPin                     
0001de81  WDT_A_holdTimer                            
0001de99  _args_main                                 
0001deb1  FPU_enableModule                           
0001dec5  GPIO_setOutputHighOnPin                    
0001ded9  _register_unlock                           
0001dedf  _register_lock                             
0001dee7  _nop                                       
0001deed  PCM_gotoLPM4                               
0001defd  EUSCI_A_SPI_clearInterruptFlag             
0001df0b  EUSCI_B_SPI_clearInterruptFlag             
0001df19  __TI_decompress_none                       
0001df27  Reset_Handler                              
0001df33  ADC14_IRQHandler                           
0001df33  AES256_IRQHandler                          
0001df33  BusFault_Handler                           
0001df33  COMP_E0_IRQHandler                         
0001df33  COMP_E1_IRQHandler                         
0001df33  CS_IRQHandler                              
0001df33  DMA_ERR_IRQHandler                         
0001df33  DMA_INT0_IRQHandler                        
0001df33  DMA_INT1_IRQHandler                        
0001df33  DMA_INT2_IRQHandler                        
0001df33  DMA_INT3_IRQHandler                        
0001df33  DebugMon_Handler                           
0001df33  Default_Handler                            
0001df33  EUSCIA0_IRQHandler                         
0001df33  EUSCIA1_IRQHandler                         
0001df33  EUSCIA2_IRQHandler                         
0001df33  EUSCIA3_IRQHandler                         
0001df33  EUSCIB0_IRQHandler                         
0001df33  EUSCIB1_IRQHandler                         
0001df33  EUSCIB2_IRQHandler                         
0001df33  EUSCIB3_IRQHandler                         
0001df33  FLCTL_IRQHandler                           
0001df33  FPU_IRQHandler                             
0001df33  HardFault_Handler                          
0001df33  MemManage_Handler                          
0001df33  NMI_Handler                                
0001df33  PCM_IRQHandler                             
0001df33  PORT1_IRQHandler                           
0001df33  PORT2_IRQHandler                           
0001df33  PORT3_IRQHandler                           
0001df33  PORT4_IRQHandler                           
0001df33  PORT5_IRQHandler                           
0001df33  PORT6_IRQHandler                           
0001df33  PSS_IRQHandler                             
0001df33  PendSV_Handler                             
0001df33  RTC_C_IRQHandler                           
0001df33  SVC_Handler                                
0001df33  SysTick_Handler                            
0001df33  T32_INT1_IRQHandler                        
0001df33  T32_INT2_IRQHandler                        
0001df33  T32_INTC_IRQHandler                        
0001df33  TA0_0_IRQHandler                           
0001df33  TA0_N_IRQHandler                           
0001df33  TA1_0_IRQHandler                           
0001df33  TA1_N_IRQHandler                           
0001df33  TA2_0_IRQHandler                           
0001df33  TA2_N_IRQHandler                           
0001df33  TA3_0_IRQHandler                           
0001df33  TA3_N_IRQHandler                           
0001df33  UsageFault_Handler                         
0001df33  WDT_A_IRQHandler                           
0001df35  EUSCI_A_SPI_enable                         
0001df41  EUSCI_B_SPI_enable                         
0001df4d  PCM_getPowerState                          
0001df59  EUSCI_A_SPI_getInterruptStatus             
0001df61  EUSCI_B_SPI_getInterruptStatus             
0001df69  PCM_setPowerMode                           
0001df71  PCM_setPowerState                          
0001df79  __TI_decompress_rle24                      
0001df7f  CPU_wfi                                    
0001df83  EUSCI_A_SPI_transmitData                   
0001df87  EUSCI_B_SPI_transmitData                   
0001df8b  _system_pre_init                           
0001dfec  __TI_Handler_Table_Base                    
0001dff4  __TI_CINIT_Base                            
0001dff4  __TI_Handler_Table_Limit                   
0001e004  __TI_CINIT_Limit                           
20000400  noButton                                   
2000042c  yesButton                                  
20000458  g_sContext                                 
20000474  imageButton                                
2000048c  primitiveButton                            
200004b0  g_sTouchContext                            
200004f0  __TI_cleanup_ptr                           
200004f4  __TI_dtors_ptr                             
200004f8  __TI_enable_exit_profile_output            
200004fc  _lock                                      
20000500  _unlock                                    
20000504  main_func_sp                               
20000508  SystemCoreClock                            
2000050c  g_ranDemo                                  
2000fe00  __stack                                    
20010000  __STACK_END                                
4000480c  WDTCTL_SYM                                 
ffffffff  __TI_pprof_out_hndl                        
ffffffff  __TI_prof_data_size                        
ffffffff  __TI_prof_data_start                       
ffffffff  __binit__                                  
ffffffff  __c_args__                                 
ffffffff  binit                                      
UNDEFED   SHT$$INIT_ARRAY$$Base                      
UNDEFED   SHT$$INIT_ARRAY$$Limit                     

[240 symbols]
